Archive member included to satisfy reference by file (symbol)

R:/STM32/IDE/STM32CubeIDE_2.1.1/STM32CubeIDE/plugins/com.st.stm32cube.ide.mcu.externaltools.gnu-tools-for-stm32.14.3.rel1.win32_1.0.100.202602081740/tools/bin/../lib/gcc/arm-none-eabi/14.3.1/../../../../arm-none-eabi/lib/thumb/v7e-m+fp/hard\libc_nano.a(libc_a-exit.o)
                              R:/STM32/IDE/STM32CubeIDE_2.1.1/STM32CubeIDE/plugins/com.st.stm32cube.ide.mcu.externaltools.gnu-tools-for-stm32.14.3.rel1.win32_1.0.100.202602081740/tools/bin/../lib/gcc/arm-none-eabi/14.3.1/../../../../arm-none-eabi/lib/thumb/v7e-m+fp/hard/crt0.o (exit)
R:/STM32/IDE/STM32CubeIDE_2.1.1/STM32CubeIDE/plugins/com.st.stm32cube.ide.mcu.externaltools.gnu-tools-for-stm32.14.3.rel1.win32_1.0.100.202602081740/tools/bin/../lib/gcc/arm-none-eabi/14.3.1/../../../../arm-none-eabi/lib/thumb/v7e-m+fp/hard\libc_nano.a(libc_a-findfp.o)
                              R:/STM32/IDE/STM32CubeIDE_2.1.1/STM32CubeIDE/plugins/com.st.stm32cube.ide.mcu.externaltools.gnu-tools-for-stm32.14.3.rel1.win32_1.0.100.202602081740/tools/bin/../lib/gcc/arm-none-eabi/14.3.1/../../../../arm-none-eabi/lib/thumb/v7e-m+fp/hard\libc_nano.a(libc_a-exit.o) (__stdio_exit_handler)
R:/STM32/IDE/STM32CubeIDE_2.1.1/STM32CubeIDE/plugins/com.st.stm32cube.ide.mcu.externaltools.gnu-tools-for-stm32.14.3.rel1.win32_1.0.100.202602081740/tools/bin/../lib/gcc/arm-none-eabi/14.3.1/../../../../arm-none-eabi/lib/thumb/v7e-m+fp/hard\libc_nano.a(libc_a-fwalk.o)
                              R:/STM32/IDE/STM32CubeIDE_2.1.1/STM32CubeIDE/plugins/com.st.stm32cube.ide.mcu.externaltools.gnu-tools-for-stm32.14.3.rel1.win32_1.0.100.202602081740/tools/bin/../lib/gcc/arm-none-eabi/14.3.1/../../../../arm-none-eabi/lib/thumb/v7e-m+fp/hard\libc_nano.a(libc_a-findfp.o) (_fwalk_sglue)
R:/STM32/IDE/STM32CubeIDE_2.1.1/STM32CubeIDE/plugins/com.st.stm32cube.ide.mcu.externaltools.gnu-tools-for-stm32.14.3.rel1.win32_1.0.100.202602081740/tools/bin/../lib/gcc/arm-none-eabi/14.3.1/../../../../arm-none-eabi/lib/thumb/v7e-m+fp/hard\libc_nano.a(libc_a-stdio.o)
                              R:/STM32/IDE/STM32CubeIDE_2.1.1/STM32CubeIDE/plugins/com.st.stm32cube.ide.mcu.externaltools.gnu-tools-for-stm32.14.3.rel1.win32_1.0.100.202602081740/tools/bin/../lib/gcc/arm-none-eabi/14.3.1/../../../../arm-none-eabi/lib/thumb/v7e-m+fp/hard\libc_nano.a(libc_a-findfp.o) (__sread)
R:/STM32/IDE/STM32CubeIDE_2.1.1/STM32CubeIDE/plugins/com.st.stm32cube.ide.mcu.externaltools.gnu-tools-for-stm32.14.3.rel1.win32_1.0.100.202602081740/tools/bin/../lib/gcc/arm-none-eabi/14.3.1/../../../../arm-none-eabi/lib/thumb/v7e-m+fp/hard\libc_nano.a(libc_a-memset.o)
                              R:/STM32/IDE/STM32CubeIDE_2.1.1/STM32CubeIDE/plugins/com.st.stm32cube.ide.mcu.externaltools.gnu-tools-for-stm32.14.3.rel1.win32_1.0.100.202602081740/tools/bin/../lib/gcc/arm-none-eabi/14.3.1/../../../../arm-none-eabi/lib/thumb/v7e-m+fp/hard/crt0.o (memset)
R:/STM32/IDE/STM32CubeIDE_2.1.1/STM32CubeIDE/plugins/com.st.stm32cube.ide.mcu.externaltools.gnu-tools-for-stm32.14.3.rel1.win32_1.0.100.202602081740/tools/bin/../lib/gcc/arm-none-eabi/14.3.1/../../../../arm-none-eabi/lib/thumb/v7e-m+fp/hard\libc_nano.a(libc_a-closer.o)
                              R:/STM32/IDE/STM32CubeIDE_2.1.1/STM32CubeIDE/plugins/com.st.stm32cube.ide.mcu.externaltools.gnu-tools-for-stm32.14.3.rel1.win32_1.0.100.202602081740/tools/bin/../lib/gcc/arm-none-eabi/14.3.1/../../../../arm-none-eabi/lib/thumb/v7e-m+fp/hard\libc_nano.a(libc_a-stdio.o) (_close_r)
R:/STM32/IDE/STM32CubeIDE_2.1.1/STM32CubeIDE/plugins/com.st.stm32cube.ide.mcu.externaltools.gnu-tools-for-stm32.14.3.rel1.win32_1.0.100.202602081740/tools/bin/../lib/gcc/arm-none-eabi/14.3.1/../../../../arm-none-eabi/lib/thumb/v7e-m+fp/hard\libc_nano.a(libc_a-reent.o)
                              R:/STM32/IDE/STM32CubeIDE_2.1.1/STM32CubeIDE/plugins/com.st.stm32cube.ide.mcu.externaltools.gnu-tools-for-stm32.14.3.rel1.win32_1.0.100.202602081740/tools/bin/../lib/gcc/arm-none-eabi/14.3.1/../../../../arm-none-eabi/lib/thumb/v7e-m+fp/hard\libc_nano.a(libc_a-closer.o) (errno)
R:/STM32/IDE/STM32CubeIDE_2.1.1/STM32CubeIDE/plugins/com.st.stm32cube.ide.mcu.externaltools.gnu-tools-for-stm32.14.3.rel1.win32_1.0.100.202602081740/tools/bin/../lib/gcc/arm-none-eabi/14.3.1/../../../../arm-none-eabi/lib/thumb/v7e-m+fp/hard\libc_nano.a(libc_a-impure.o)
                              R:/STM32/IDE/STM32CubeIDE_2.1.1/STM32CubeIDE/plugins/com.st.stm32cube.ide.mcu.externaltools.gnu-tools-for-stm32.14.3.rel1.win32_1.0.100.202602081740/tools/bin/../lib/gcc/arm-none-eabi/14.3.1/../../../../arm-none-eabi/lib/thumb/v7e-m+fp/hard\libc_nano.a(libc_a-reent.o) (_impure_ptr)
R:/STM32/IDE/STM32CubeIDE_2.1.1/STM32CubeIDE/plugins/com.st.stm32cube.ide.mcu.externaltools.gnu-tools-for-stm32.14.3.rel1.win32_1.0.100.202602081740/tools/bin/../lib/gcc/arm-none-eabi/14.3.1/../../../../arm-none-eabi/lib/thumb/v7e-m+fp/hard\libc_nano.a(libc_a-lseekr.o)
[...]
Memory Configuration

Name             Origin             Length             Attributes
CCMRAM           0x10000000         0x00010000         xrw
RAM              0x20000000         0x00020000         xrw
FLASH            0x08000000         0x00100000         xr
*default*        0x00000000         0xffffffff

Linker script and memory map

LOAD R:/STM32/IDE/STM32CubeIDE_2.1.1/STM32CubeIDE/plugins/com.st.stm32cube.ide.mcu.externaltools.gnu-tools-for-stm32.14.3.rel1.win32_1.0.100.202602081740/tools/bin/../lib/gcc/arm-none-eabi/14.3.1/thumb/v7e-m+fp/hard/crti.o
LOAD R:/STM32/IDE/STM32CubeIDE_2.1.1/STM32CubeIDE/plugins/com.st.stm32cube.ide.mcu.externaltools.gnu-tools-for-stm32.14.3.rel1.win32_1.0.100.202602081740/tools/bin/../lib/gcc/arm-none-eabi/14.3.1/thumb/v7e-m+fp/hard/crtbegin.o
LOAD R:/STM32/IDE/STM32CubeIDE_2.1.1/STM32CubeIDE/plugins/com.st.stm32cube.ide.mcu.externaltools.gnu-tools-for-stm32.14.3.rel1.win32_1.0.100.202602081740/tools/bin/../lib/gcc/arm-none-eabi/14.3.1/../../../../arm-none-eabi/lib/thumb/v7e-m+fp/hard/crt0.o
LOAD ./Core/Src/main.o
LOAD ./Core/Src/stm32f4xx_hal_msp.o
LOAD ./Core/Src/stm32f4xx_it.o
LOAD ./Core/Src/syscalls.o
LOAD ./Core/Src/sysmem.o
LOAD ./Core/Src/system_stm32f4xx.o
LOAD ./Core/Startup/startup_stm32f407vgtx.o
LOAD ./Drivers/STM32F4xx_HAL_Driver/Src/stm32f4xx_hal.o
LOAD ./Drivers/STM32F4xx_HAL_Driver/Src/stm32f4xx_hal_cortex.o
LOAD ./Drivers/STM32F4xx_HAL_Driver/Src/stm32f4xx_hal_dma.o
LOAD ./Drivers/STM32F4xx_HAL_Driver/Src/stm32f4xx_hal_dma_ex.o
LOAD ./Drivers/STM32F4xx_HAL_Driver/Src/stm32f4xx_hal_exti.o
LOAD ./Drivers/STM32F4xx_HAL_Driver/Src/stm32f4xx_hal_flash.o
LOAD ./Drivers/STM32F4xx_HAL_Driver/Src/stm32f4xx_hal_flash_ex.o
LOAD ./Drivers/STM32F4xx_HAL_Driver/Src/stm32f4xx_hal_flash_ramfunc.o
LOAD ./Drivers/STM32F4xx_HAL_Driver/Src/stm32f4xx_hal_gpio.o
LOAD ./Drivers/STM32F4xx_HAL_Driver/Src/stm32f4xx_hal_i2c.o
LOAD ./Drivers/STM32F4xx_HAL_Driver/Src/stm32f4xx_hal_i2c_ex.o
LOAD ./Drivers/STM32F4xx_HAL_Driver/Src/stm32f4xx_hal_pwr.o
LOAD ./Drivers/STM32F4xx_HAL_Driver/Src/stm32f4xx_hal_pwr_ex.o
LOAD ./Drivers/STM32F4xx_HAL_Driver/Src/stm32f4xx_hal_rcc.o
LOAD ./Drivers/STM32F4xx_HAL_Driver/Src/stm32f4xx_hal_rcc_ex.o
START GROUP
LOAD R:/STM32/IDE/STM32CubeIDE_2.1.1/STM32CubeIDE/plugins/com.st.stm32cube.ide.mcu.externaltools.gnu-tools-for-stm32.14.3.rel1.win32_1.0.100.202602081740/tools/bin/../lib/gcc/arm-none-eabi/14.3.1/../../../../arm-none-eabi/lib/thumb/v7e-m+fp/hard\libc_nano.a
LOAD R:/STM32/IDE/STM32CubeIDE_2.1.1/STM32CubeIDE/plugins/com.st.stm32cube.ide.mcu.externaltools.gnu-tools-for-stm32.14.3.rel1.win32_1.0.100.202602081740/tools/bin/../lib/gcc/arm-none-eabi/14.3.1/../../../../arm-none-eabi/lib/thumb/v7e-m+fp/hard\libm.a
END GROUP
START GROUP
LOAD R:/STM32/IDE/STM32CubeIDE_2.1.1/STM32CubeIDE/plugins/com.st.stm32cube.ide.mcu.externaltools.gnu-tools-for-stm32.14.3.rel1.win32_1.0.100.202602081740/tools/bin/../lib/gcc/arm-none-eabi/14.3.1/thumb/v7e-m+fp/hard\libgcc.a
LOAD R:/STM32/IDE/STM32CubeIDE_2.1.1/STM32CubeIDE/plugins/com.st.stm32cube.ide.mcu.externaltools.gnu-tools-for-stm32.14.3.rel1.win32_1.0.100.202602081740/tools/bin/../lib/gcc/arm-none-eabi/14.3.1/../../../../arm-none-eabi/lib/thumb/v7e-m+fp/hard\libc_nano.a
END GROUP
START GROUP
LOAD R:/STM32/IDE/STM32CubeIDE_2.1.1/STM32CubeIDE/plugins/com.st.stm32cube.ide.mcu.externaltools.gnu-tools-for-stm32.14.3.rel1.win32_1.0.100.202602081740/tools/bin/../lib/gcc/arm-none-eabi/14.3.1/thumb/v7e-m+fp/hard\libgcc.a
LOAD R:/STM32/IDE/STM32CubeIDE_2.1.1/STM32CubeIDE/plugins/com.st.stm32cube.ide.mcu.externaltools.gnu-tools-for-stm32.14.3.rel1.win32_1.0.100.202602081740/tools/bin/../lib/gcc/arm-none-eabi/14.3.1/../../../../arm-none-eabi/lib/thumb/v7e-m+fp/hard\libc_nano.a
LOAD R:/STM32/IDE/STM32CubeIDE_2.1.1/STM32CubeIDE/plugins/com.st.stm32cube.ide.mcu.externaltools.gnu-tools-for-stm32.14.3.rel1.win32_1.0.100.202602081740/tools/bin/../lib/gcc/arm-none-eabi/14.3.1/../../../../arm-none-eabi/lib/thumb/v7e-m+fp/hard\libnosys.a
END GROUP
START GROUP
LOAD R:/STM32/IDE/STM32CubeIDE_2.1.1/STM32CubeIDE/plugins/com.st.stm32cube.ide.mcu.externaltools.gnu-tools-for-stm32.14.3.rel1.win32_1.0.100.202602081740/tools/bin/../lib/gcc/arm-none-eabi/14.3.1/thumb/v7e-m+fp/hard\libgcc.a
LOAD R:/STM32/IDE/STM32CubeIDE_2.1.1/STM32CubeIDE/plugins/com.st.stm32cube.ide.mcu.externaltools.gnu-tools-for-stm32.14.3.rel1.win32_1.0.100.202602081740/tools/bin/../lib/gcc/arm-none-eabi/14.3.1/../../../../arm-none-eabi/lib/thumb/v7e-m+fp/hard\libc_nano.a
LOAD R:/STM32/IDE/STM32CubeIDE_2.1.1/STM32CubeIDE/plugins/com.st.stm32cube.ide.mcu.externaltools.gnu-tools-for-stm32.14.3.rel1.win32_1.0.100.202602081740/tools/bin/../lib/gcc/arm-none-eabi/14.3.1/../../../../arm-none-eabi/lib/thumb/v7e-m+fp/hard\libnosys.a
END GROUP
LOAD R:/STM32/IDE/STM32CubeIDE_2.1.1/STM32CubeIDE/plugins/com.st.stm32cube.ide.mcu.externaltools.gnu-tools-for-stm32.14.3.rel1.win32_1.0.100.202602081740/tools/bin/../lib/gcc/arm-none-eabi/14.3.1/thumb/v7e-m+fp/hard/crtend.o
LOAD R:/STM32/IDE/STM32CubeIDE_2.1.1/STM32CubeIDE/plugins/com.st.stm32cube.ide.mcu.externaltools.gnu-tools-for-stm32.14.3.rel1.win32_1.0.100.202602081740/tools/bin/../lib/gcc/arm-none-eabi/14.3.1/thumb/v7e-m+fp/hard/crtn.o
                0x20020000                        _estack = (ORIGIN (RAM) + LENGTH (RAM))
                0x00000200                        _Min_Heap_Size = 0x200
                0x00000400                        _Min_Stack_Size = 0x400

.isr_vector     0x08000000      0x188
                0x08000000                        . = ALIGN (0x4)
 *(.isr_vector)
 .isr_vector    0x08000000      0x188 ./Core/Startup/startup_stm32f407vgtx.o
                0x08000000                g_pfnVectors
                0x08000188                        . = ALIGN (0x4)

.text           0x08000188     0x2844
                0x08000188                        . = ALIGN (0x4)
 *(.text)
 .text          0x08000188       0x40 R:/STM32/IDE/STM32CubeIDE_2.1.1/STM32CubeIDE/plugins/com.st.stm32cube.ide.mcu.externaltools.gnu-tools-for-stm32.14.3.rel1.win32_1.0.100.202602081740/tools/bin/../lib/gcc/arm-none-eabi/14.3.1/thumb/v7e-m+fp/hard/crtbegin.o
 .text          0x080001c8       0x30 R:/STM32/IDE/STM32CubeIDE_2.1.1/STM32CubeIDE/plugins/com.st.stm32cube.ide.mcu.externaltools.gnu-tools-for-stm32.14.3.rel1.win32_1.0.100.202602081740/tools/bin/../lib/gcc/arm-none-eabi/14.3.1/thumb/v7e-m+fp/hard\libgcc.a(_aeabi_uldivmod.o)
                0x080001c8                __aeabi_uldivmod
 .text          0x080001f8      0x2f8 R:/STM32/IDE/STM32CubeIDE_2.1.1/STM32CubeIDE/plugins/com.st.stm32cube.ide.mcu.externaltools.gnu-tools-for-stm32.14.3.rel1.win32_1.0.100.202602081740/tools/bin/../lib/gcc/arm-none-eabi/14.3.1/thumb/v7e-m+fp/hard\libgcc.a(_udivmoddi4.o)
                0x080001f8                __udivmoddi4
 .text          0x080004f0        0x4 R:/STM32/IDE/STM32CubeIDE_2.1.1/STM32CubeIDE/plugins/com.st.stm32cube.ide.mcu.externaltools.gnu-tools-for-stm32.14.3.rel1.win32_1.0.100.202602081740/tools/bin/../lib/gcc/arm-none-eabi/14.3.1/thumb/v7e-m+fp/hard\libgcc.a(_dvmd_tls.o)
                0x080004f0                __aeabi_idiv0
                0x080004f0                __aeabi_ldiv0
 *(.text*)
 .text.main     0x080004f4      0x1d4 ./Core/Src/main.o
                0x080004f4                main
 .text.SystemClock_Config
                0x080006c8       0xc0 ./Core/Src/main.o
                0x080006c8                SystemClock_Config
 .text.MX_I2C1_Init
                0x08000788       0x5c ./Core/Src/main.o
 .text.MX_GPIO_Init
                0x080007e4       0x34 ./Core/Src/main.o
 .text.Error_Handler
                0x08000818        0xc ./Core/Src/main.o
                0x08000818                Error_Handler
 .text.HAL_MspInit
                0x08000824       0x50 ./Core/Src/stm32f4xx_hal_msp.o
                0x08000824                HAL_MspInit
 .text.HAL_I2C_MspInit
                0x08000874       0x90 ./Core/Src/stm32f4xx_hal_msp.o
                0x08000874                HAL_I2C_MspInit
 .text.NMI_Handler
                0x08000904        0x8 ./Core/Src/stm32f4xx_it.o
                0x08000904                NMI_Handler
 .text.HardFault_Handler
                0x0800090c        0x8 ./Core/Src/stm32f4xx_it.o
                0x0800090c                HardFault_Handler
 .text.MemManage_Handler
                0x08000914        0x8 ./Core/Src/stm32f4xx_it.o
                0x08000914                MemManage_Handler
 .text.BusFault_Handler
                0x0800091c        0x8 ./Core/Src/stm32f4xx_it.o
                0x0800091c                BusFault_Handler
 .text.UsageFault_Handler
                0x08000924        0x8 ./Core/Src/stm32f4xx_it.o
                0x08000924                UsageFault_Handler
 .text.SVC_Handler
                0x0800092c        0xe ./Core/Src/stm32f4xx_it.o
                0x0800092c                SVC_Handler
 .text.DebugMon_Handler
                0x0800093a        0xe ./Core/Src/stm32f4xx_it.o
                0x0800093a                DebugMon_Handler
 .text.PendSV_Handler
                0x08000948        0xe ./Core/Src/stm32f4xx_it.o
                0x08000948                PendSV_Handler
 .text.SysTick_Handler
                0x08000956        0xc ./Core/Src/stm32f4xx_it.o
                0x08000956                SysTick_Handler
 *fill*         0x08000962        0x2 
 .text.SystemInit
                0x08000964       0x24 ./Core/Src/system_stm32f4xx.o
                0x08000964                SystemInit
 .text.Reset_Handler
                0x08000988       0x50 ./Core/Startup/startup_stm32f407vgtx.o
                0x08000988                Reset_Handler
 .text.Default_Handler
                0x080009d8        0x2 ./Core/Startup/startup_stm32f407vgtx.o
                0x080009d8                RTC_Alarm_IRQHandler
                0x080009d8                HASH_RNG_IRQHandler
                0x080009d8                EXTI2_IRQHandler
                0x080009d8                TIM8_CC_IRQHandler
                0x080009d8                TIM1_CC_IRQHandler
                0x080009d8                DMA2_Stream5_IRQHandler
                0x080009d8                DMA1_Stream5_IRQHandler
                0x080009d8                PVD_IRQHandler
                0x080009d8                SDIO_IRQHandler
                0x080009d8                TAMP_STAMP_IRQHandler
                0x080009d8                CAN2_RX1_IRQHandler
                0x080009d8                EXTI3_IRQHandler
                0x080009d8                TIM8_TRG_COM_TIM14_IRQHandler
                0x080009d8                TIM1_UP_TIM10_IRQHandler
                0x080009d8                TIM8_UP_TIM13_IRQHandler
                0x080009d8                I2C3_ER_IRQHandler
                0x080009d8                EXTI0_IRQHandler
                0x080009d8                I2C2_EV_IRQHandler
                0x080009d8                DMA1_Stream2_IRQHandler
                0x080009d8                CAN1_RX0_IRQHandler
                0x080009d8                FPU_IRQHandler
                0x080009d8                OTG_HS_WKUP_IRQHandler
                0x080009d8                CAN2_SCE_IRQHandler
                0x080009d8                DMA2_Stream2_IRQHandler
                0x080009d8                SPI1_IRQHandler
                0x080009d8                TIM6_DAC_IRQHandler
                0x080009d8                TIM1_BRK_TIM9_IRQHandler
                0x080009d8                DCMI_IRQHandler
                0x080009d8                CAN2_RX0_IRQHandler
                0x080009d8                DMA2_Stream3_IRQHandler
                0x080009d8                USART6_IRQHandler
                0x080009d8                USART3_IRQHandler
                0x080009d8                CAN1_RX1_IRQHandler
                0x080009d8                UART5_IRQHandler
                0x080009d8                DMA2_Stream0_IRQHandler
                0x080009d8                TIM4_IRQHandler
                0x080009d8                I2C1_EV_IRQHandler
                0x080009d8                DMA1_Stream6_IRQHandler
                0x080009d8                DMA1_Stream1_IRQHandler
                0x080009d8                UART4_IRQHandler
                0x080009d8                TIM3_IRQHandler
                0x080009d8                RCC_IRQHandler
                0x080009d8                TIM8_BRK_TIM12_IRQHandler
                0x080009d8                Default_Handler
                0x080009d8                EXTI15_10_IRQHandler
                0x080009d8                ADC_IRQHandler
                0x080009d8                DMA1_Stream7_IRQHandler
                0x080009d8                TIM7_IRQHandler
                0x080009d8                CAN2_TX_IRQHandler
                0x080009d8                TIM5_IRQHandler
                0x080009d8                DMA2_Stream7_IRQHandler
                0x080009d8                I2C3_EV_IRQHandler
                0x080009d8                EXTI9_5_IRQHandler
                0x080009d8                RTC_WKUP_IRQHandler
                0x080009d8                ETH_WKUP_IRQHandler
                0x080009d8                SPI2_IRQHandler
                0x080009d8                OTG_HS_EP1_IN_IRQHandler
                0x080009d8                DMA1_Stream0_IRQHandler
                0x080009d8                CAN1_TX_IRQHandler
                0x080009d8                EXTI4_IRQHandler
                0x080009d8                FSMC_IRQHandler
                0x080009d8                ETH_IRQHandler
                0x080009d8                OTG_HS_EP1_OUT_IRQHandler
                0x080009d8                WWDG_IRQHandler
                0x080009d8                TIM2_IRQHandler
                0x080009d8                OTG_FS_WKUP_IRQHandler
                0x080009d8                TIM1_TRG_COM_TIM11_IRQHandler
                0x080009d8                OTG_HS_IRQHandler
                0x080009d8                EXTI1_IRQHandler
                0x080009d8                USART2_IRQHandler
                0x080009d8                I2C2_ER_IRQHandler
                0x080009d8                DMA2_Stream1_IRQHandler
                0x080009d8                CAN1_SCE_IRQHandler
                0x080009d8                FLASH_IRQHandler
                0x080009d8                DMA2_Stream4_IRQHandler
                0x080009d8                USART1_IRQHandler
                0x080009d8                OTG_FS_IRQHandler
                0x080009d8                SPI3_IRQHandler
                0x080009d8                DMA1_Stream4_IRQHandler
                0x080009d8                I2C1_ER_IRQHandler
                0x080009d8                DMA2_Stream6_IRQHandler
                0x080009d8                DMA1_Stream3_IRQHandler
 *fill*         0x080009da        0x2 
 .text.HAL_Init
                0x080009dc       0x44 ./Drivers/STM32F4xx_HAL_Driver/Src/stm32f4xx_hal.o
                0x080009dc                HAL_Init
 .text.HAL_InitTick
                0x08000a20       0x60 ./Drivers/STM32F4xx_HAL_Driver/Src/stm32f4xx_hal.o
                0x08000a20                HAL_InitTick
 .text.HAL_IncTick
                0x08000a80       0x28 ./Drivers/STM32F4xx_HAL_Driver/Src/stm32f4xx_hal.o
                0x08000a80                HAL_IncTick
 .text.HAL_GetTick
                0x08000aa8       0x18 ./Drivers/STM32F4xx_HAL_Driver/Src/stm32f4xx_hal.o
                0x08000aa8                HAL_GetTick
 .text.HAL_Delay
                0x08000ac0       0x48 ./Drivers/STM32F4xx_HAL_Driver/Src/stm32f4xx_hal.o
                0x08000ac0                HAL_Delay
 .text.__NVIC_SetPriorityGrouping
                0x08000b08       0x48 ./Drivers/STM32F4xx_HAL_Driver/Src/stm32f4xx_hal_cortex.o
 .text.__NVIC_GetPriorityGrouping
                0x08000b50       0x1c ./Drivers/STM32F4xx_HAL_Driver/Src/stm32f4xx_hal_cortex.o
 .text.__NVIC_SetPriority
                0x08000b6c       0x54 ./Drivers/STM32F4xx_HAL_Driver/Src/stm32f4xx_hal_cortex.o
 .text.NVIC_EncodePriority
                0x08000bc0       0x66 ./Drivers/STM32F4xx_HAL_Driver/Src/stm32f4xx_hal_cortex.o
 *fill*         0x08000c26        0x2 
 .text.SysTick_Config
                0x08000c28       0x44 ./Drivers/STM32F4xx_HAL_Driver/Src/stm32f4xx_hal_cortex.o
 .text.HAL_NVIC_SetPriorityGrouping
                0x08000c6c       0x16 ./Drivers/STM32F4xx_HAL_Driver/Src/stm32f4xx_hal_cortex.o
                0x08000c6c                HAL_NVIC_SetPriorityGrouping
 .text.HAL_NVIC_SetPriority
                0x08000c82       0x38 ./Drivers/STM32F4xx_HAL_Driver/Src/stm32f4xx_hal_cortex.o
                0x08000c82                HAL_NVIC_SetPriority
 .text.HAL_SYSTICK_Config
                0x08000cba       0x18 ./Drivers/STM32F4xx_HAL_Driver/Src/stm32f4xx_hal_cortex.o
                0x08000cba                HAL_SYSTICK_Config
 *fill*         0x08000cd2        0x2 
 .text.HAL_GPIO_Init
                0x08000cd4      0x338 ./Drivers/STM32F4xx_HAL_Driver/Src/stm32f4xx_hal_gpio.o
                0x08000cd4                HAL_GPIO_Init
 .text.HAL_I2C_Init
                0x0800100c      0x288 ./Drivers/STM32F4xx_HAL_Driver/Src/stm32f4xx_hal_i2c.o
                0x0800100c                HAL_I2C_Init
 .text.HAL_I2C_Mem_Write
                0x08001294      0x1f4 ./Drivers/STM32F4xx_HAL_Driver/Src/stm32f4xx_hal_i2c.o
                0x08001294                HAL_I2C_Mem_Write
 .text.HAL_I2C_Mem_Read
                0x08001488      0x464 ./Drivers/STM32F4xx_HAL_Driver/Src/stm32f4xx_hal_i2c.o
                0x08001488                HAL_I2C_Mem_Read
 .text.I2C_RequestMemoryWrite
                0x080018ec      0x12c ./Drivers/STM32F4xx_HAL_Driver/Src/stm32f4xx_hal_i2c.o
 .text.I2C_RequestMemoryRead
                0x08001a18      0x1d0 ./Drivers/STM32F4xx_HAL_Driver/Src/stm32f4xx_hal_i2c.o
 .text.I2C_WaitOnFlagUntilTimeout
                0x08001be8       0xf4 ./Drivers/STM32F4xx_HAL_Driver/Src/stm32f4xx_hal_i2c.o
 .text.I2C_WaitOnMasterAddressFlagUntilTimeout
                0x08001cdc      0x140 ./Drivers/STM32F4xx_HAL_Driver/Src/stm32f4xx_hal_i2c.o
 .text.I2C_WaitOnTXEFlagUntilTimeout
                0x08001e1c       0x90 ./Drivers/STM32F4xx_HAL_Driver/Src/stm32f4xx_hal_i2c.o
 .text.I2C_WaitOnBTFFlagUntilTimeout
                0x08001eac       0x90 ./Drivers/STM32F4xx_HAL_Driver/Src/stm32f4xx_hal_i2c.o
 .text.I2C_WaitOnRXNEFlagUntilTimeout
                0x08001f3c       0xba ./Drivers/STM32F4xx_HAL_Driver/Src/stm32f4xx_hal_i2c.o
 .text.I2C_IsAcknowledgeFailed
                0x08001ff6       0x5e ./Drivers/STM32F4xx_HAL_Driver/Src/stm32f4xx_hal_i2c.o
 .text.HAL_RCC_OscConfig
                0x08002054      0x4f0 ./Drivers/STM32F4xx_HAL_Driver/Src/stm32f4xx_hal_rcc.o
                0x08002054                HAL_RCC_OscConfig
 .text.HAL_RCC_ClockConfig
                0x08002544      0x1cc ./Drivers/STM32F4xx_HAL_Driver/Src/stm32f4xx_hal_rcc.o
                0x08002544                HAL_RCC_ClockConfig
 .text.HAL_RCC_GetSysClockFreq
                0x08002710      0x20c ./Drivers/STM32F4xx_HAL_Driver/Src/stm32f4xx_hal_rcc.o
                0x08002710                HAL_RCC_GetSysClockFreq
 .text.HAL_RCC_GetHCLKFreq
                0x0800291c       0x18 ./Drivers/STM32F4xx_HAL_Driver/Src/stm32f4xx_hal_rcc.o
                0x0800291c                HAL_RCC_GetHCLKFreq
 .text.HAL_RCC_GetPCLK1Freq
                0x08002934       0x28 ./Drivers/STM32F4xx_HAL_Driver/Src/stm32f4xx_hal_rcc.o
                0x08002934                HAL_RCC_GetPCLK1Freq
 .text.memset   0x0800295c       0x10 R:/STM32/IDE/STM32CubeIDE_2.1.1/STM32CubeIDE/plugins/com.st.stm32cube.ide.mcu.externaltools.gnu-tools-for-stm32.14.3.rel1.win32_1.0.100.202602081740/tools/bin/../lib/gcc/arm-none-eabi/14.3.1/../../../../arm-none-eabi/lib/thumb/v7e-m+fp/hard\libc_nano.a(libc_a-memset.o)
                0x0800295c                memset
 .text.__libc_init_array
                0x0800296c       0x48 R:/STM32/IDE/STM32CubeIDE_2.1.1/STM32CubeIDE/plugins/com.st.stm32cube.ide.mcu.externaltools.gnu-tools-for-stm32.14.3.rel1.win32_1.0.100.202602081740/tools/bin/../lib/gcc/arm-none-eabi/14.3.1/../../../../arm-none-eabi/lib/thumb/v7e-m+fp/hard\libc_nano.a(libc_a-init.o)
                0x0800296c                __libc_init_array
 *(.glue_7)
 .glue_7        0x080029b4        0x0 linker stubs
 *(.glue_7t)
 .glue_7t       0x080029b4        0x0 linker stubs
 *(.eh_frame)
 .eh_frame      0x080029b4        0x0 R:/STM32/IDE/STM32CubeIDE_2.1.1/STM32CubeIDE/plugins/com.st.stm32cube.ide.mcu.externaltools.gnu-tools-for-stm32.14.3.rel1.win32_1.0.100.202602081740/tools/bin/../lib/gcc/arm-none-eabi/14.3.1/thumb/v7e-m+fp/hard/crtbegin.o
 *(.init)
 .init          0x080029b4        0x4 R:/STM32/IDE/STM32CubeIDE_2.1.1/STM32CubeIDE/plugins/com.st.stm32cube.ide.mcu.externaltools.gnu-tools-for-stm32.14.3.rel1.win32_1.0.100.202602081740/tools/bin/../lib/gcc/arm-none-eabi/14.3.1/thumb/v7e-m+fp/hard/crti.o
                0x080029b4                _init
 .init          0x080029b8        0x8 R:/STM32/IDE/STM32CubeIDE_2.1.1/STM32CubeIDE/plugins/com.st.stm32cube.ide.mcu.externaltools.gnu-tools-for-stm32.14.3.rel1.win32_1.0.100.202602081740/tools/bin/../lib/gcc/arm-none-eabi/14.3.1/thumb/v7e-m+fp/hard/crtn.o
 *(.fini)
 .fini          0x080029c0        0x4 R:/STM32/IDE/STM32CubeIDE_2.1.1/STM32CubeIDE/plugins/com.st.stm32cube.ide.mcu.externaltools.gnu-tools-for-stm32.14.3.rel1.win32_1.0.100.202602081740/tools/bin/../lib/gcc/arm-none-eabi/14.3.1/thumb/v7e-m+fp/hard/crti.o
                0x080029c0                _fini
 .fini          0x080029c4        0x8 R:/STM32/IDE/STM32CubeIDE_2.1.1/STM32CubeIDE/plugins/com.st.stm32cube.ide.mcu.externaltools.gnu-tools-for-stm32.14.3.rel1.win32_1.0.100.202602081740/tools/bin/../lib/gcc/arm-none-eabi/14.3.1/thumb/v7e-m+fp/hard/crtn.o
                0x080029cc                        . = ALIGN (0x4)
                0x080029cc                        _etext = .

.vfp11_veneer   0x080029cc        0x0
 .vfp11_veneer  0x080029cc        0x0 linker stubs

.v4_bx          0x080029cc        0x0
 .v4_bx         0x080029cc        0x0 linker stubs

.iplt           0x080029cc        0x0
 .iplt          0x080029cc        0x0 R:/STM32/IDE/STM32CubeIDE_2.1.1/STM32CubeIDE/plugins/com.st.stm32cube.ide.mcu.externaltools.gnu-tools-for-stm32.14.3.rel1.win32_1.0.100.202602081740/tools/bin/../lib/gcc/arm-none-eabi/14.3.1/thumb/v7e-m+fp/hard/crtbegin.o

.rodata         0x080029cc       0x18
                0x080029cc                        . = ALIGN (0x4)
 *(.rodata)
 *(.rodata*)
 .rodata.AHBPrescTable
                0x080029cc       0x10 ./Core/Src/system_stm32f4xx.o
                0x080029cc                AHBPrescTable
 .rodata.APBPrescTable
                0x080029dc        0x8 ./Core/Src/system_stm32f4xx.o
                0x080029dc                APBPrescTable
                0x080029e4                        . = ALIGN (0x4)

.ARM.extab      0x080029e4        0x0
                0x080029e4                        . = ALIGN (0x4)
 *(.ARM.extab* .gnu.linkonce.armextab.*)
                0x080029e4                        . = ALIGN (0x4)

.ARM            0x080029e4        0x8
                0x080029e4                        . = ALIGN (0x4)
                0x080029e4                        __exidx_start = .
 *(.ARM.exidx*)
 .ARM.exidx     0x080029e4        0x8 R:/STM32/IDE/STM32CubeIDE_2.1.1/STM32CubeIDE/plugins/com.st.stm32cube.ide.mcu.externaltools.gnu-tools-for-stm32.14.3.rel1.win32_1.0.100.202602081740/tools/bin/../lib/gcc/arm-none-eabi/14.3.1/thumb/v7e-m+fp/hard\libgcc.a(_udivmoddi4.o)
                0x080029ec                        __exidx_end = .
                0x080029ec                        . = ALIGN (0x4)

.preinit_array  0x080029ec        0x0
                0x080029ec                        . = ALIGN (0x4)
                0x080029ec                        PROVIDE (__preinit_array_start = .)
 *(.preinit_array*)
                0x080029ec                        PROVIDE (__preinit_array_end = .)
                0x080029ec                        . = ALIGN (0x4)

.init_array     0x080029ec        0x4
                0x080029ec                        . = ALIGN (0x4)
                0x080029ec                        PROVIDE (__init_array_start = .)
 *(SORT_BY_NAME(.init_array.*))
 *(.init_array*)
 .init_array    0x080029ec        0x4 R:/STM32/IDE/STM32CubeIDE_2.1.1/STM32CubeIDE/plugins/com.st.stm32cube.ide.mcu.externaltools.gnu-tools-for-stm32.14.3.rel1.win32_1.0.100.202602081740/tools/bin/../lib/gcc/arm-none-eabi/14.3.1/thumb/v7e-m+fp/hard/crtbegin.o
                0x080029f0                        PROVIDE (__init_array_end = .)
                0x080029f0                        . = ALIGN (0x4)

.fini_array     0x080029f0        0x4
                0x080029f0                        . = ALIGN (0x4)
                [!provide]                        PROVIDE (__fini_array_start = .)
 *(SORT_BY_NAME(.fini_array.*))
 *(.fini_array*)
 .fini_array    0x080029f0        0x4 R:/STM32/IDE/STM32CubeIDE_2.1.1/STM32CubeIDE/plugins/com.st.stm32cube.ide.mcu.externaltools.gnu-tools-for-stm32.14.3.rel1.win32_1.0.100.202602081740/tools/bin/../lib/gcc/arm-none-eabi/14.3.1/thumb/v7e-m+fp/hard/crtbegin.o
                [!provide]                        PROVIDE (__fini_array_end = .)
                0x080029f4                        . = ALIGN (0x4)
                0x080029f4                        _sidata = LOADADDR (.data)

.rel.dyn        0x080029f4        0x0
 .rel.iplt      0x080029f4        0x0 R:/STM32/IDE/STM32CubeIDE_2.1.1/STM32CubeIDE/plugins/com.st.stm32cube.ide.mcu.externaltools.gnu-tools-for-stm32.14.3.rel1.win32_1.0.100.202602081740/tools/bin/../lib/gcc/arm-none-eabi/14.3.1/thumb/v7e-m+fp/hard/crtbegin.o

.data           0x20000000        0xc load address 0x080029f4
                0x20000000                        . = ALIGN (0x4)
                0x20000000                        _sdata = .
 *(.data)
 *(.data*)
 .data.SystemCoreClock
                0x20000000        0x4 ./Core/Src/system_stm32f4xx.o
                0x20000000                SystemCoreClock
 .data.uwTickPrio
                0x20000004        0x4 ./Drivers/STM32F4xx_HAL_Driver/Src/stm32f4xx_hal.o
                0x20000004                uwTickPrio
 .data.uwTickFreq
                0x20000008        0x1 ./Drivers/STM32F4xx_HAL_Driver/Src/stm32f4xx_hal.o
                0x20000008                uwTickFreq
 *(.RamFunc)
 *(.RamFunc*)
                0x2000000c                        . = ALIGN (0x4)
 *fill*         0x20000009        0x3 
                0x2000000c                        _edata = .
                0x08002a00                        _siccmram = LOADADDR (.ccmram)

.igot.plt       0x2000000c        0x0 load address 0x08002a00
 .igot.plt      0x2000000c        0x0 R:/STM32/IDE/STM32CubeIDE_2.1.1/STM32CubeIDE/plugins/com.st.stm32cube.ide.mcu.externaltools.gnu-tools-for-stm32.14.3.rel1.win32_1.0.100.202602081740/tools/bin/../lib/gcc/arm-none-eabi/14.3.1/thumb/v7e-m+fp/hard/crtbegin.o

.ccmram         0x10000000        0x0 load address 0x08002a00
                0x10000000                        . = ALIGN (0x4)
                0x10000000                        _sccmram = .
 *(.ccmram)
 *(.ccmram*)
                0x10000000                        . = ALIGN (0x4)
                0x10000000                        _eccmram = .
                0x10000000                        . = ALIGN (0x4)

.bss            0x2000000c       0x9c
                0x2000000c                        _sbss = .
                0x2000000c                        __bss_start__ = _sbss
 *(.bss)
 .bss           0x2000000c       0x1c R:/STM32/IDE/STM32CubeIDE_2.1.1/STM32CubeIDE/plugins/com.st.stm32cube.ide.mcu.externaltools.gnu-tools-for-stm32.14.3.rel1.win32_1.0.100.202602081740/tools/bin/../lib/gcc/arm-none-eabi/14.3.1/thumb/v7e-m+fp/hard/crtbegin.o
 *(.bss*)
 .bss.hi2c1     0x20000028       0x54 ./Core/Src/main.o
                0x20000028                hi2c1
 .bss.mpu_data  0x2000007c        0x6 ./Core/Src/main.o
                0x2000007c                mpu_data
 *fill*         0x20000082        0x2 
 .bss.accel_x   0x20000084        0x4 ./Core/Src/main.o
                0x20000084                accel_x
 .bss.accel_y   0x20000088        0x4 ./Core/Src/main.o
                0x20000088                accel_y
 .bss.accel_z   0x2000008c        0x4 ./Core/Src/main.o
                0x2000008c                accel_z
 .bss.accel_g_x
                0x20000090        0x4 ./Core/Src/main.o
                0x20000090                accel_g_x
 .bss.accel_g_y
                0x20000094        0x4 ./Core/Src/main.o
                0x20000094                accel_g_y
 .bss.accel_g_z
                0x20000098        0x4 ./Core/Src/main.o
                0x20000098                accel_g_z
 .bss.ina_data  0x2000009c        0x2 ./Core/Src/main.o
                0x2000009c                ina_data
 .bss.current_raw
                0x2000009e        0x2 ./Core/Src/main.o
                0x2000009e                current_raw
 .bss.current_mA
                0x200000a0        0x4 ./Core/Src/main.o
                0x200000a0                current_mA
 .bss.uwTick    0x200000a4        0x4 ./Drivers/STM32F4xx_HAL_Driver/Src/stm32f4xx_hal.o
                0x200000a4                uwTick
 *(COMMON)
                0x200000a8                        . = ALIGN (0x4)
                0x200000a8                        _ebss = .
                0x200000a8                        __bss_end__ = _ebss

._user_heap_stack
                0x200000a8      0x600
                0x200000a8                        . = ALIGN (0x8)
                [!provide]                        PROVIDE (end = .)
                0x200000a8                        PROVIDE (_end = .)
                0x200002a8                        . = (. + _Min_Heap_Size)
 *fill*         0x200000a8      0x200 
                0x200006a8                        . = (. + _Min_Stack_Size)
 *fill*         0x200002a8      0x400 
                0x200006a8                        . = ALIGN (0x8)

/DISCARD/
 libc.a(*)
 libm.a(*)
 libgcc.a(*)

.ARM.attributes
                0x00000000       0x30
 *(.ARM.attributes)
 .ARM.attributes
                0x00000000       0x22 R:/STM32/IDE/STM32CubeIDE_2.1.1/STM32CubeIDE/plugins/com.st.stm32cube.ide.mcu.externaltools.gnu-tools-for-stm32.14.3.rel1.win32_1.0.100.202602081740/tools/bin/../lib/gcc/arm-none-eabi/14.3.1/thumb/v7e-m+fp/hard/crti.o
 .ARM.attributes
                0x00000022       0x34 R:/STM32/IDE/STM32CubeIDE_2.1.1/STM32CubeIDE/plugins/com.st.stm32cube.ide.mcu.externaltools.gnu-tools-for-stm32.14.3.rel1.win32_1.0.100.202602081740/tools/bin/../lib/gcc/arm-none-eabi/14.3.1/thumb/v7e-m+fp/hard/crtbegin.o
 .ARM.attributes
                0x00000056       0x34 ./Core/Src/main.o
 .ARM.attributes
                0x0000008a       0x34 ./Core/Src/stm32f4xx_hal_msp.o
 .ARM.attributes
                0x000000be       0x34 ./Core/Src/stm32f4xx_it.o
 .ARM.attributes
                0x000000f2       0x34 ./Core/Src/system_stm32f4xx.o
 .ARM.attributes
                0x00000126       0x21 ./Core/Startup/startup_stm32f407vgtx.o
 .ARM.attributes
                0x00000147       0x34 ./Drivers/STM32F4xx_HAL_Driver/Src/stm32f4xx_hal.o
 .ARM.attributes
                0x0000017b       0x34 ./Drivers/STM32F4xx_HAL_Driver/Src/stm32f4xx_hal_cortex.o
 .ARM.attributes
                0x000001af       0x34 ./Drivers/STM32F4xx_HAL_Driver/Src/stm32f4xx_hal_gpio.o
 .ARM.attributes
                0x000001e3       0x34 ./Drivers/STM32F4xx_HAL_Driver/Src/stm32f4xx_hal_i2c.o
 .ARM.attributes
                0x00000217       0x34 ./Drivers/STM32F4xx_HAL_Driver/Src/stm32f4xx_hal_rcc.o
 .ARM.attributes
                0x0000024b       0x34 R:/STM32/IDE/STM32CubeIDE_2.1.1/STM32CubeIDE/plugins/com.st.stm32cube.ide.mcu.externaltools.gnu-tools-for-stm32.14.3.rel1.win32_1.0.100.202602081740/tools/bin/../lib/gcc/arm-none-eabi/14.3.1/../../../../arm-none-eabi/lib/thumb/v7e-m+fp/hard\libc_nano.a(libc_a-memset.o)
 .ARM.attributes
                0x0000027f       0x34 R:/STM32/IDE/STM32CubeIDE_2.1.1/STM32CubeIDE/plugins/com.st.stm32cube.ide.mcu.externaltools.gnu-tools-for-stm32.14.3.rel1.win32_1.0.100.202602081740/tools/bin/../lib/gcc/arm-none-eabi/14.3.1/../../../../arm-none-eabi/lib/thumb/v7e-m+fp/hard\libc_nano.a(libc_a-init.o)
 .ARM.attributes
                0x000002b3       0x22 R:/STM32/IDE/STM32CubeIDE_2.1.1/STM32CubeIDE/plugins/com.st.stm32cube.ide.mcu.externaltools.gnu-tools-for-stm32.14.3.rel1.win32_1.0.100.202602081740/tools/bin/../lib/gcc/arm-none-eabi/14.3.1/thumb/v7e-m+fp/hard\libgcc.a(_aeabi_uldivmod.o)
 .ARM.attributes
                0x000002d5       0x34 R:/STM32/IDE/STM32CubeIDE_2.1.1/STM32CubeIDE/plugins/com.st.stm32cube.ide.mcu.externaltools.gnu-tools-for-stm32.14.3.rel1.win32_1.0.100.202602081740/tools/bin/../lib/gcc/arm-none-eabi/14.3.1/thumb/v7e-m+fp/hard\libgcc.a(_udivmoddi4.o)
 .ARM.attributes
                0x00000309       0x22 R:/STM32/IDE/STM32CubeIDE_2.1.1/STM32CubeIDE/plugins/com.st.stm32cube.ide.mcu.externaltools.gnu-tools-for-stm32.14.3.rel1.win32_1.0.100.202602081740/tools/bin/../lib/gcc/arm-none-eabi/14.3.1/thumb/v7e-m+fp/hard\libgcc.a(_dvmd_tls.o)
 .ARM.attributes
                0x0000032b       0x22 R:/STM32/IDE/STM32CubeIDE_2.1.1/STM32CubeIDE/plugins/com.st.stm32cube.ide.mcu.externaltools.gnu-tools-for-stm32.14.3.rel1.win32_1.0.100.202602081740/tools/bin/../lib/gcc/arm-none-eabi/14.3.1/thumb/v7e-m+fp/hard/crtn.o
OUTPUT(Data_Read.elf elf32-littlearm)
LOAD linker stubs
LOAD R:/STM32/IDE/STM32CubeIDE_2.1.1/STM32CubeIDE/plugins/com.st.stm32cube.ide.mcu.externaltools.gnu-tools-for-stm32.14.3.rel1.win32_1.0.100.202602081740/tools/bin/../lib/gcc/arm-none-eabi/14.3.1/../../../../arm-none-eabi/lib/thumb/v7e-m+fp/hard\libc.a
LOAD R:/STM32/IDE/STM32CubeIDE_2.1.1/STM32CubeIDE/plugins/com.st.stm32cube.ide.mcu.externaltools.gnu-tools-for-stm32.14.3.rel1.win32_1.0.100.202602081740/tools/bin/../lib/gcc/arm-none-eabi/14.3.1/../../../../arm-none-eabi/lib/thumb/v7e-m+fp/hard\libm.a
LOAD R:/STM32/IDE/STM32CubeIDE_2.1.1/STM32CubeIDE/plugins/com.st.stm32cube.ide.mcu.externaltools.gnu-tools-for-stm32.14.3.rel1.win32_1.0.100.202602081740/tools/bin/../lib/gcc/arm-none-eabi/14.3.1/thumb/v7e-m+fp/hard\libgcc.a

.debug_info     0x00000000     0x6600
 .debug_info    0x00000000      0xbfa ./Core/Src/main.o
 .debug_info    0x00000bfa      0x947 ./Core/Src/stm32f4xx_hal_msp.o
 .debug_info    0x00001541      0x112 ./Core/Src/stm32f4xx_it.o
 .debug_info    0x00001653      0x512 ./Core/Src/system_stm32f4xx.o
 .debug_info    0x00001b65       0x30 ./Core/Startup/startup_stm32f407vgtx.o
 .debug_info    0x00001b95      0x944 ./Drivers/STM32F4xx_HAL_Driver/Src/stm32f4xx_hal.o
 .debug_info    0x000024d9      0xd8c ./Drivers/STM32F4xx_HAL_Driver/Src/stm32f4xx_hal_cortex.o
 .debug_info    0x00003265      0x6c3 ./Drivers/STM32F4xx_HAL_Driver/Src/stm32f4xx_hal_gpio.o
 .debug_info    0x00003928     0x2415 ./Drivers/STM32F4xx_HAL_Driver/Src/stm32f4xx_hal_i2c.o
 .debug_info    0x00005d3d      0x8c3 ./Drivers/STM32F4xx_HAL_Driver/Src/stm32f4xx_hal_rcc.o

.debug_abbrev   0x00000000     0x121b
 .debug_abbrev  0x00000000      0x247 ./Core/Src/main.o
 .debug_abbrev  0x00000247      0x1ba ./Core/Src/stm32f4xx_hal_msp.o
 .debug_abbrev  0x00000401       0x73 ./Core/Src/stm32f4xx_it.o
 .debug_abbrev  0x00000474      0x11a ./Core/Src/system_stm32f4xx.o
 .debug_abbrev  0x0000058e       0x24 ./Core/Startup/startup_stm32f407vgtx.o
 .debug_abbrev  0x000005b2      0x214 ./Drivers/STM32F4xx_HAL_Driver/Src/stm32f4xx_hal.o
 .debug_abbrev  0x000007c6      0x31d ./Drivers/STM32F4xx_HAL_Driver/Src/stm32f4xx_hal_cortex.o
 .debug_abbrev  0x00000ae3      0x1d4 ./Drivers/STM32F4xx_HAL_Driver/Src/stm32f4xx_hal_gpio.o
 .debug_abbrev  0x00000cb7      0x2ad ./Drivers/STM32F4xx_HAL_Driver/Src/stm32f4xx_hal_i2c.o
 .debug_abbrev  0x00000f64      0x2b7 ./Drivers/STM32F4xx_HAL_Driver/Src/stm32f4xx_hal_rcc.o

.debug_aranges  0x00000000      0x6c8
 .debug_aranges
                0x00000000       0x40 ./Core/Src/main.o
 .debug_aranges
                0x00000040       0x30 ./Core/Src/stm32f4xx_hal_msp.o
 .debug_aranges
                0x00000070       0x60 ./Core/Src/stm32f4xx_it.o
 .debug_aranges
                0x000000d0       0x28 ./Core/Src/system_stm32f4xx.o
 .debug_aranges
                0x000000f8       0x28 ./Core/Startup/startup_stm32f407vgtx.o
 .debug_aranges
                0x00000120       0xf0 ./Drivers/STM32F4xx_HAL_Driver/Src/stm32f4xx_hal.o
 .debug_aranges
                0x00000210      0x130 ./Drivers/STM32F4xx_HAL_Driver/Src/stm32f4xx_hal_cortex.o
 .debug_aranges
                0x00000340       0x58 ./Drivers/STM32F4xx_HAL_Driver/Src/stm32f4xx_hal_gpio.o
 .debug_aranges
                0x00000398      0x2a8 ./Drivers/STM32F4xx_HAL_Driver/Src/stm32f4xx_hal_i2c.o
 .debug_aranges
                0x00000640       0x88 ./Drivers/STM32F4xx_HAL_Driver/Src/stm32f4xx_hal_rcc.o

.debug_rnglists
                0x00000000      0x533
 .debug_rnglists
                0x00000000       0x2d ./Core/Src/main.o
 .debug_rnglists
                0x0000002d       0x20 ./Core/Src/stm32f4xx_hal_msp.o
 .debug_rnglists
                0x0000004d       0x43 ./Core/Src/stm32f4xx_it.o
 .debug_rnglists
                0x00000090       0x1a ./Core/Src/system_stm32f4xx.o
 .debug_rnglists
                0x000000aa       0x19 ./Core/Startup/startup_stm32f407vgtx.o
 .debug_rnglists
                0x000000c3       0xaf ./Drivers/STM32F4xx_HAL_Driver/Src/stm32f4xx_hal.o
 .debug_rnglists
                0x00000172       0xe0 ./Drivers/STM32F4xx_HAL_Driver/Src/stm32f4xx_hal_cortex.o
 .debug_rnglists
                0x00000252       0x3f ./Drivers/STM32F4xx_HAL_Driver/Src/stm32f4xx_hal_gpio.o
 .debug_rnglists
                0x00000291      0x23c ./Drivers/STM32F4xx_HAL_Driver/Src/stm32f4xx_hal_i2c.o
 .debug_rnglists
                0x000004cd       0x66 ./Drivers/STM32F4xx_HAL_Driver/Src/stm32f4xx_hal_rcc.o

.debug_macro    0x00000000    0x1f3aa
 .debug_macro   0x00000000      0x204 ./Core/Src/main.o
 .debug_macro   0x00000204      0xad8 ./Core/Src/main.o
 .debug_macro   0x00000cdc      0x295 ./Core/Src/main.o
 .debug_macro   0x00000f71       0x2e ./Core/Src/main.o
 .debug_macro   0x00000f9f       0x2f ./Core/Src/main.o
 .debug_macro   0x00000fce       0x22 ./Core/Src/main.o
 .debug_macro   0x00000ff0       0x8e ./Core/Src/main.o
 .debug_macro   0x0000107e       0x51 ./Core/Src/main.o
 .debug_macro   0x000010cf      0x103 ./Core/Src/main.o
 .debug_macro   0x000011d2       0x6a ./Core/Src/main.o
 .debug_macro   0x0000123c      0x1df ./Core/Src/main.o
 .debug_macro   0x0000141b       0x1c ./Core/Src/main.o
 .debug_macro   0x00001437       0x22 ./Core/Src/main.o
 .debug_macro   0x00001459       0xfb ./Core/Src/main.o
 .debug_macro   0x00001554     0x1011 ./Core/Src/main.o
 .debug_macro   0x00002565      0x11f ./Core/Src/main.o
 .debug_macro   0x00002684    0x15ea5 ./Core/Src/main.o
 .debug_macro   0x00018529       0x6d ./Core/Src/main.o
 .debug_macro   0x00018596     0x3693 ./Core/Src/main.o
 .debug_macro   0x0001bc29      0x190 ./Core/Src/main.o
 .debug_macro   0x0001bdb9       0x5c ./Core/Src/main.o
 .debug_macro   0x0001be15      0x980 ./Core/Src/main.o
 .debug_macro   0x0001c795      0x9e9 ./Core/Src/main.o
 .debug_macro   0x0001d17e      0x115 ./Core/Src/main.o
 .debug_macro   0x0001d293      0x13e ./Core/Src/main.o
 .debug_macro   0x0001d3d1       0xa5 ./Core/Src/main.o
 .debug_macro   0x0001d476      0x174 ./Core/Src/main.o
 .debug_macro   0x0001d5ea      0x287 ./Core/Src/main.o
 .debug_macro   0x0001d871       0x5f ./Core/Src/main.o
 .debug_macro   0x0001d8d0      0x236 ./Core/Src/main.o
 .debug_macro   0x0001db06      0x12c ./Core/Src/main.o
 .debug_macro   0x0001dc32      0x21e ./Core/Src/main.o
 .debug_macro   0x0001de50       0x2e ./Core/Src/main.o
 .debug_macro   0x0001de7e      0x1b5 ./Core/Src/main.o
 .debug_macro   0x0001e033       0xd6 ./Core/Src/main.o
 .debug_macro   0x0001e109      0x127 ./Core/Src/main.o
 .debug_macro   0x0001e230       0x7e ./Core/Src/main.o
 .debug_macro   0x0001e2ae       0x89 ./Core/Src/main.o
 .debug_macro   0x0001e337      0x12d ./Core/Src/main.o
 .debug_macro   0x0001e464      0x1d4 ./Core/Src/stm32f4xx_hal_msp.o
 .debug_macro   0x0001e638      0x1de ./Core/Src/stm32f4xx_it.o
 .debug_macro   0x0001e816      0x1ca ./Core/Src/system_stm32f4xx.o
 .debug_macro   0x0001e9e0      0x22a ./Drivers/STM32F4xx_HAL_Driver/Src/stm32f4xx_hal.o
 .debug_macro   0x0001ec0a      0x1ca ./Drivers/STM32F4xx_HAL_Driver/Src/stm32f4xx_hal_cortex.o
 .debug_macro   0x0001edd4      0x1d0 ./Drivers/STM32F4xx_HAL_Driver/Src/stm32f4xx_hal_gpio.o
 .debug_macro   0x0001efa4      0x218 ./Drivers/STM32F4xx_HAL_Driver/Src/stm32f4xx_hal_i2c.o
 .debug_macro   0x0001f1bc      0x1ee ./Drivers/STM32F4xx_HAL_Driver/Src/stm32f4xx_hal_rcc.o

.debug_line     0x00000000     0x8ada
 .debug_line    0x00000000      0x85e ./Core/Src/main.o
 .debug_line    0x0000085e      0x76d ./Core/Src/stm32f4xx_hal_msp.o
 .debug_line    0x00000fcb      0x7cd ./Core/Src/stm32f4xx_it.o
 .debug_line    0x00001798      0x794 ./Core/Src/system_stm32f4xx.o
 .debug_line    0x00001f2c       0x7a ./Core/Startup/startup_stm32f407vgtx.o
 .debug_line    0x00001fa6      0xa13 ./Drivers/STM32F4xx_HAL_Driver/Src/stm32f4xx_hal.o
 .debug_line    0x000029b9      0xce0 ./Drivers/STM32F4xx_HAL_Driver/Src/stm32f4xx_hal_cortex.o
 .debug_line    0x00003699      0xb65 ./Drivers/STM32F4xx_HAL_Driver/Src/stm32f4xx_hal_gpio.o
 .debug_line    0x000041fe     0x3abd ./Drivers/STM32F4xx_HAL_Driver/Src/stm32f4xx_hal_i2c.o
 .debug_line    0x00007cbb      0xe1f ./Drivers/STM32F4xx_HAL_Driver/Src/stm32f4xx_hal_rcc.o

.debug_str      0x00000000    0xbeef8
 .debug_str     0x00000000    0xbeef8 ./Core/Src/main.o
                              0xbd1c2 (size before relaxing)
 .debug_str     0x000beef8    0xbcf15 ./Core/Src/stm32f4xx_hal_msp.o
 .debug_str     0x000beef8    0xbc8e0 ./Core/Src/stm32f4xx_it.o
 .debug_str     0x000beef8    0xbca0a ./Core/Src/system_stm32f4xx.o
 .debug_str     0x000beef8       0x60 ./Core/Startup/startup_stm32f407vgtx.o
 .debug_str     0x000beef8    0xbd58e ./Drivers/STM32F4xx_HAL_Driver/Src/stm32f4xx_hal.o
 .debug_str     0x000beef8    0xbd30a ./Drivers/STM32F4xx_HAL_Driver/Src/stm32f4xx_hal_cortex.o
 .debug_str     0x000beef8    0xbcb85 ./Drivers/STM32F4xx_HAL_Driver/Src/stm32f4xx_hal_gpio.o
 .debug_str     0x000beef8    0xbda28 ./Drivers/STM32F4xx_HAL_Driver/Src/stm32f4xx_hal_i2c.o
 .debug_str     0x000beef8    0xbce3e ./Drivers/STM32F4xx_HAL_Driver/Src/stm32f4xx_hal_rcc.o

.comment        0x00000000       0x43
 .comment       0x00000000       0x43 ./Core/Src/main.o
                                 0x44 (size before relaxing)
 .comment       0x00000043       0x44 ./Core/Src/stm32f4xx_hal_msp.o
 .comment       0x00000043       0x44 ./Core/Src/stm32f4xx_it.o
 .comment       0x00000043       0x44 ./Core/Src/system_stm32f4xx.o
 .comment       0x00000043       0x44 ./Drivers/STM32F4xx_HAL_Driver/Src/stm32f4xx_hal.o
 .comment       0x00000043       0x44 ./Drivers/STM32F4xx_HAL_Driver/Src/stm32f4xx_hal_cortex.o
 .comment       0x00000043       0x44 ./Drivers/STM32F4xx_HAL_Driver/Src/stm32f4xx_hal_gpio.o
 .comment       0x00000043       0x44 ./Drivers/STM32F4xx_HAL_Driver/Src/stm32f4xx_hal_i2c.o
 .comment       0x00000043       0x44 ./Drivers/STM32F4xx_HAL_Driver/Src/stm32f4xx_hal_rcc.o

.debug_frame    0x00000000     0x19ec
 .debug_frame   0x00000000       0xac ./Core/Src/main.o
 .debug_frame   0x000000ac       0x7c ./Core/Src/stm32f4xx_hal_msp.o
 .debug_frame   0x00000128       0xf8 ./Core/Src/stm32f4xx_it.o
 .debug_frame   0x00000220       0x50 ./Core/Src/system_stm32f4xx.o
 .debug_frame   0x00000270      0x31c ./Drivers/STM32F4xx_HAL_Driver/Src/stm32f4xx_hal.o
 .debug_frame   0x0000058c      0x4b8 ./Drivers/STM32F4xx_HAL_Driver/Src/stm32f4xx_hal_cortex.o
 .debug_frame   0x00000a44      0x130 ./Drivers/STM32F4xx_HAL_Driver/Src/stm32f4xx_hal_gpio.o
 .debug_frame   0x00000b74      0xbf4 ./Drivers/STM32F4xx_HAL_Driver/Src/stm32f4xx_hal_i2c.o
 .debug_frame   0x00001768      0x1d8 ./Drivers/STM32F4xx_HAL_Driver/Src/stm32f4xx_hal_rcc.o
 .debug_frame   0x00001940       0x20 R:/STM32/IDE/STM32CubeIDE_2.1.1/STM32CubeIDE/plugins/com.st.stm32cube.ide.mcu.externaltools.gnu-tools-for-stm32.14.3.rel1.win32_1.0.100.202602081740/tools/bin/../lib/gcc/arm-none-eabi/14.3.1/../../../../arm-none-eabi/lib/thumb/v7e-m+fp/hard\libc_nano.a(libc_a-memset.o)
 .debug_frame   0x00001960       0x2c R:/STM32/IDE/STM32CubeIDE_2.1.1/STM32CubeIDE/plugins/com.st.stm32cube.ide.mcu.externaltools.gnu-tools-for-stm32.14.3.rel1.win32_1.0.100.202602081740/tools/bin/../lib/gcc/arm-none-eabi/14.3.1/../../../../arm-none-eabi/lib/thumb/v7e-m+fp/hard\libc_nano.a(libc_a-init.o)
 .debug_frame   0x0000198c       0x2c R:/STM32/IDE/STM32CubeIDE_2.1.1/STM32CubeIDE/plugins/com.st.stm32cube.ide.mcu.externaltools.gnu-tools-for-stm32.14.3.rel1.win32_1.0.100.202602081740/tools/bin/../lib/gcc/arm-none-eabi/14.3.1/thumb/v7e-m+fp/hard\libgcc.a(_aeabi_uldivmod.o)
 .debug_frame   0x000019b8       0x34 R:/STM32/IDE/STM32CubeIDE_2.1.1/STM32CubeIDE/plugins/com.st.stm32cube.ide.mcu.externaltools.gnu-tools-for-stm32.14.3.rel1.win32_1.0.100.202602081740/tools/bin/../lib/gcc/arm-none-eabi/14.3.1/thumb/v7e-m+fp/hard\libgcc.a(_udivmoddi4.o)

.debug_line_str
                0x00000000       0x44
 .debug_line_str
                0x00000000       0x44 ./Core/Startup/startup_stm32f407vgtx.o
