Archive member included to satisfy reference by file (symbol)

../Middlewares/ST/AI/Lib\NetworkRuntime1020_CM4_GCC.a(ai_platform.o)
                              ./X-CUBE-AI/App/network.o (ai_buffer_array_item_set_address)
../Middlewares/ST/AI/Lib\NetworkRuntime1020_CM4_GCC.a(ai_platform_interface.o)
                              ./X-CUBE-AI/App/network.o (ai_platform_get_weights_map)
../Middlewares/ST/AI/Lib\NetworkRuntime1020_CM4_GCC.a(core_common.o)
                              ../Middlewares/ST/AI/Lib\NetworkRuntime1020_CM4_GCC.a(ai_platform_interface.o) (core_init)
../Middlewares/ST/AI/Lib\NetworkRuntime1020_CM4_GCC.a(core_mem_manager.o)
                              ../Middlewares/ST/AI/Lib\NetworkRuntime1020_CM4_GCC.a(ai_platform_interface.o) (core_mem_alloc)
../Middlewares/ST/AI/Lib\NetworkRuntime1020_CM4_GCC.a(layers.o)
                              ../Middlewares/ST/AI/Lib\NetworkRuntime1020_CM4_GCC.a(ai_platform_interface.o) (ai_check_custom_types)
../Middlewares/ST/AI/Lib\NetworkRuntime1020_CM4_GCC.a(layers_conv2d_generic_float.o)
                              ./X-CUBE-AI/App/network.o (forward_dense)
../Middlewares/ST/AI/Lib\NetworkRuntime1020_CM4_GCC.a(layers_nl_generic_float.o)
                              ./X-CUBE-AI/App/network.o (forward_relu)
../Middlewares/ST/AI/Lib\NetworkRuntime1020_CM4_GCC.a(layers_conv2d_integer_scratch.o)
                              ../Middlewares/ST/AI/Lib\NetworkRuntime1020_CM4_GCC.a(layers.o) (get_dense_scratch_size_s8)
../Middlewares/ST/AI/Lib\NetworkRuntime1020_CM4_GCC.a(forward_lite_conv2d_if32of32wf32.o)
                              ../Middlewares/ST/AI/Lib\NetworkRuntime1020_CM4_GCC.a(layers_conv2d_generic_float.o) (forward_lite_conv2d_if32of32wf32)
../Middlewares/ST/AI/Lib\NetworkRuntime1020_CM4_GCC.a(lite_nl_softmax_if32of32.o)
                              ../Middlewares/ST/AI/Lib\NetworkRuntime1020_CM4_GCC.a(layers_nl_generic_float.o) (forward_lite_nl_softmax_if32of32_kernel)
../Middlewares/ST/AI/Lib\NetworkRuntime1020_CM4_GCC.a(lite_nl_relu_if32of32.o)
                              ../Middlewares/ST/AI/Lib\NetworkRuntime1020_CM4_GCC.a(layers_nl_generic_float.o) (forward_lite_nl_prelu_if32of32_kernel)
../Middlewares/ST/AI/Lib\NetworkRuntime1020_CM4_GCC.a(lite_dense_if32.o)
                              ../Middlewares/ST/AI/Lib\NetworkRuntime1020_CM4_GCC.a(layers_conv2d_generic_float.o) (lite_decompress_ilutof32)
../Middlewares/ST/AI/Lib\NetworkRuntime1020_CM4_GCC.a(lite_nl_generic_float.o)
                              ../Middlewares/ST/AI/Lib\NetworkRuntime1020_CM4_GCC.a(layers_nl_generic_float.o) (forward_lite_nl_softmax_if32of32)
../Middlewares/ST/AI/Lib\NetworkRuntime1020_CM4_GCC.a(st_int8_fill.o)
                              ../Middlewares/ST/AI/Lib\NetworkRuntime1020_CM4_GCC.a(ai_platform_interface.o) (st_int8_copy)
../Middlewares/ST/AI/Lib\NetworkRuntime1020_CM4_GCC.a(ai_math_helpers.o)
                              ../Middlewares/ST/AI/Lib\NetworkRuntime1020_CM4_GCC.a(layers_nl_generic_float.o) (ai_math_sqrt)
../Middlewares/ST/AI/Lib\NetworkRuntime1020_CM4_GCC.a(ai_datatypes_format.o)
                              ../Middlewares/ST/AI/Lib\NetworkRuntime1020_CM4_GCC.a(ai_platform_interface.o) (ai_array_to_buffer_fmt)
../Middlewares/ST/AI/Lib\NetworkRuntime1020_CM4_GCC.a(ai_datatypes_internal.o)
                              ../Middlewares/ST/AI/Lib\NetworkRuntime1020_CM4_GCC.a(ai_platform_interface.o) (ai_version_get)
../Middlewares/ST/AI/Lib\NetworkRuntime1020_CM4_GCC.a(ai_math_elementwise_mul_int8.o)
                              ../Middlewares/ST/AI/Lib\NetworkRuntime1020_CM4_GCC.a(ai_math_helpers.o) (ai_math_elementwise_mul_int8)
../Middlewares/ST/AI/Lib\NetworkRuntime1020_CM4_GCC.a(ai_math_elementwise_sum_int8.o)
                              ../Middlewares/ST/AI/Lib\NetworkRuntime1020_CM4_GCC.a(ai_math_helpers.o) (ai_math_elementwise_sum_int8)
../Middlewares/ST/AI/Lib\NetworkRuntime1020_CM4_GCC.a(st_align_factor.o)
                              ../Middlewares/ST/AI/Lib\NetworkRuntime1020_CM4_GCC.a(ai_math_helpers.o) (align_factor)
R:/STM32/IDE/STM32CubeIDE_2.1.1/STM32CubeIDE/plugins/com.st.stm32cube.ide.mcu.externaltools.gnu-tools-for-stm32.14.3.rel1.win32_1.0.100.202602081740/tools/bin/../lib/gcc/arm-none-eabi/14.3.1/../../../../arm-none-eabi/lib/thumb/v7e-m+fp/hard\libc_nano.a(libc_a-exit.o)
                              R:/STM32/IDE/STM32CubeIDE_2.1.1/STM32CubeIDE/plugins/com.st.stm32cube.ide.mcu.externaltools.gnu-tools-for-stm32.14.3.rel1.win32_1.0.100.202602081740/tools/bin/../lib/gcc/arm-none-eabi/14.3.1/../../../../arm-none-eabi/lib/thumb/v7e-m+fp/hard/crt0.o (exit)
R:/STM32/IDE/STM32CubeIDE_2.1.1/STM32CubeIDE/plugins/com.st.stm32cube.ide.mcu.externaltools.gnu-tools-for-stm32.14.3.rel1.win32_1.0.100.202602081740/tools/bin/../lib/gcc/arm-none-eabi/14.3.1/../../../../arm-none-eabi/lib/thumb/v7e-m+fp/hard\libc_nano.a(libc_a-malloc.o)
[...]
Memory Configuration

Name             Origin             Length             Attributes
CCMRAM           0x10000000         0x00010000         xrw
RAM              0x20000000         0x0001c000         xrw
FLASH            0x08000000         0x00100000         xr
*default*        0x00000000         0xffffffff

Linker script and memory map

LOAD R:/STM32/IDE/STM32CubeIDE_2.1.1/STM32CubeIDE/plugins/com.st.stm32cube.ide.mcu.externaltools.gnu-tools-for-stm32.14.3.rel1.win32_1.0.100.202602081740/tools/bin/../lib/gcc/arm-none-eabi/14.3.1/thumb/v7e-m+fp/hard/crti.o
LOAD R:/STM32/IDE/STM32CubeIDE_2.1.1/STM32CubeIDE/plugins/com.st.stm32cube.ide.mcu.externaltools.gnu-tools-for-stm32.14.3.rel1.win32_1.0.100.202602081740/tools/bin/../lib/gcc/arm-none-eabi/14.3.1/thumb/v7e-m+fp/hard/crtbegin.o
LOAD R:/STM32/IDE/STM32CubeIDE_2.1.1/STM32CubeIDE/plugins/com.st.stm32cube.ide.mcu.externaltools.gnu-tools-for-stm32.14.3.rel1.win32_1.0.100.202602081740/tools/bin/../lib/gcc/arm-none-eabi/14.3.1/../../../../arm-none-eabi/lib/thumb/v7e-m+fp/hard/crt0.o
LOAD ./Core/Src/main.o
LOAD ./Core/Src/stm32f4xx_hal_msp.o
LOAD ./Core/Src/stm32f4xx_it.o
LOAD ./Core/Src/syscalls.o
LOAD ./Core/Src/sysmem.o
LOAD ./Core/Src/system_stm32f4xx.o
LOAD ./Core/Startup/startup_stm32f407vgtx.o
LOAD ./Drivers/STM32F4xx_HAL_Driver/Src/stm32f4xx_hal.o
LOAD ./Drivers/STM32F4xx_HAL_Driver/Src/stm32f4xx_hal_cortex.o
LOAD ./Drivers/STM32F4xx_HAL_Driver/Src/stm32f4xx_hal_dma.o
LOAD ./Drivers/STM32F4xx_HAL_Driver/Src/stm32f4xx_hal_dma_ex.o
LOAD ./Drivers/STM32F4xx_HAL_Driver/Src/stm32f4xx_hal_exti.o
LOAD ./Drivers/STM32F4xx_HAL_Driver/Src/stm32f4xx_hal_flash.o
LOAD ./Drivers/STM32F4xx_HAL_Driver/Src/stm32f4xx_hal_flash_ex.o
LOAD ./Drivers/STM32F4xx_HAL_Driver/Src/stm32f4xx_hal_flash_ramfunc.o
LOAD ./Drivers/STM32F4xx_HAL_Driver/Src/stm32f4xx_hal_gpio.o
LOAD ./Drivers/STM32F4xx_HAL_Driver/Src/stm32f4xx_hal_i2c.o
LOAD ./Drivers/STM32F4xx_HAL_Driver/Src/stm32f4xx_hal_i2c_ex.o
LOAD ./Drivers/STM32F4xx_HAL_Driver/Src/stm32f4xx_hal_pwr.o
LOAD ./Drivers/STM32F4xx_HAL_Driver/Src/stm32f4xx_hal_pwr_ex.o
LOAD ./Drivers/STM32F4xx_HAL_Driver/Src/stm32f4xx_hal_rcc.o
LOAD ./Drivers/STM32F4xx_HAL_Driver/Src/stm32f4xx_hal_rcc_ex.o
LOAD ./Drivers/STM32F4xx_HAL_Driver/Src/stm32f4xx_hal_uart.o
LOAD ./X-CUBE-AI/App/app_x-cube-ai.o
LOAD ./X-CUBE-AI/App/network.o
LOAD ./X-CUBE-AI/App/network_data.o
LOAD ./X-CUBE-AI/App/network_data_params.o
LOAD ../Middlewares/ST/AI/Lib\NetworkRuntime1020_CM4_GCC.a
START GROUP
LOAD R:/STM32/IDE/STM32CubeIDE_2.1.1/STM32CubeIDE/plugins/com.st.stm32cube.ide.mcu.externaltools.gnu-tools-for-stm32.14.3.rel1.win32_1.0.100.202602081740/tools/bin/../lib/gcc/arm-none-eabi/14.3.1/../../../../arm-none-eabi/lib/thumb/v7e-m+fp/hard\libc_nano.a
LOAD R:/STM32/IDE/STM32CubeIDE_2.1.1/STM32CubeIDE/plugins/com.st.stm32cube.ide.mcu.externaltools.gnu-tools-for-stm32.14.3.rel1.win32_1.0.100.202602081740/tools/bin/../lib/gcc/arm-none-eabi/14.3.1/../../../../arm-none-eabi/lib/thumb/v7e-m+fp/hard\libm.a
END GROUP
START GROUP
LOAD R:/STM32/IDE/STM32CubeIDE_2.1.1/STM32CubeIDE/plugins/com.st.stm32cube.ide.mcu.externaltools.gnu-tools-for-stm32.14.3.rel1.win32_1.0.100.202602081740/tools/bin/../lib/gcc/arm-none-eabi/14.3.1/thumb/v7e-m+fp/hard\libgcc.a
LOAD R:/STM32/IDE/STM32CubeIDE_2.1.1/STM32CubeIDE/plugins/com.st.stm32cube.ide.mcu.externaltools.gnu-tools-for-stm32.14.3.rel1.win32_1.0.100.202602081740/tools/bin/../lib/gcc/arm-none-eabi/14.3.1/../../../../arm-none-eabi/lib/thumb/v7e-m+fp/hard\libc_nano.a
END GROUP
START GROUP
LOAD R:/STM32/IDE/STM32CubeIDE_2.1.1/STM32CubeIDE/plugins/com.st.stm32cube.ide.mcu.externaltools.gnu-tools-for-stm32.14.3.rel1.win32_1.0.100.202602081740/tools/bin/../lib/gcc/arm-none-eabi/14.3.1/thumb/v7e-m+fp/hard\libgcc.a
LOAD R:/STM32/IDE/STM32CubeIDE_2.1.1/STM32CubeIDE/plugins/com.st.stm32cube.ide.mcu.externaltools.gnu-tools-for-stm32.14.3.rel1.win32_1.0.100.202602081740/tools/bin/../lib/gcc/arm-none-eabi/14.3.1/../../../../arm-none-eabi/lib/thumb/v7e-m+fp/hard\libc_nano.a
LOAD R:/STM32/IDE/STM32CubeIDE_2.1.1/STM32CubeIDE/plugins/com.st.stm32cube.ide.mcu.externaltools.gnu-tools-for-stm32.14.3.rel1.win32_1.0.100.202602081740/tools/bin/../lib/gcc/arm-none-eabi/14.3.1/../../../../arm-none-eabi/lib/thumb/v7e-m+fp/hard\libnosys.a
END GROUP
START GROUP
LOAD R:/STM32/IDE/STM32CubeIDE_2.1.1/STM32CubeIDE/plugins/com.st.stm32cube.ide.mcu.externaltools.gnu-tools-for-stm32.14.3.rel1.win32_1.0.100.202602081740/tools/bin/../lib/gcc/arm-none-eabi/14.3.1/thumb/v7e-m+fp/hard\libgcc.a
LOAD R:/STM32/IDE/STM32CubeIDE_2.1.1/STM32CubeIDE/plugins/com.st.stm32cube.ide.mcu.externaltools.gnu-tools-for-stm32.14.3.rel1.win32_1.0.100.202602081740/tools/bin/../lib/gcc/arm-none-eabi/14.3.1/../../../../arm-none-eabi/lib/thumb/v7e-m+fp/hard\libc_nano.a
LOAD R:/STM32/IDE/STM32CubeIDE_2.1.1/STM32CubeIDE/plugins/com.st.stm32cube.ide.mcu.externaltools.gnu-tools-for-stm32.14.3.rel1.win32_1.0.100.202602081740/tools/bin/../lib/gcc/arm-none-eabi/14.3.1/../../../../arm-none-eabi/lib/thumb/v7e-m+fp/hard\libnosys.a
END GROUP
LOAD R:/STM32/IDE/STM32CubeIDE_2.1.1/STM32CubeIDE/plugins/com.st.stm32cube.ide.mcu.externaltools.gnu-tools-for-stm32.14.3.rel1.win32_1.0.100.202602081740/tools/bin/../lib/gcc/arm-none-eabi/14.3.1/thumb/v7e-m+fp/hard/crtend.o
LOAD R:/STM32/IDE/STM32CubeIDE_2.1.1/STM32CubeIDE/plugins/com.st.stm32cube.ide.mcu.externaltools.gnu-tools-for-stm32.14.3.rel1.win32_1.0.100.202602081740/tools/bin/../lib/gcc/arm-none-eabi/14.3.1/thumb/v7e-m+fp/hard/crtn.o
                0x2001c000                        _estack = (ORIGIN (RAM) + LENGTH (RAM))
                0x00000800                        _Min_Heap_Size = 0x800
                0x00000800                        _Min_Stack_Size = 0x800

.isr_vector     0x08000000      0x188
                0x08000000                        . = ALIGN (0x4)
 *(.isr_vector)
 .isr_vector    0x08000000      0x188 ./Core/Startup/startup_stm32f407vgtx.o
                0x08000000                g_pfnVectors
                0x08000188                        . = ALIGN (0x4)

.text           0x08000190     0x6c90
                0x08000190                        . = ALIGN (0x4)
 *(.text)
 .text          0x08000190       0x40 R:/STM32/IDE/STM32CubeIDE_2.1.1/STM32CubeIDE/plugins/com.st.stm32cube.ide.mcu.externaltools.gnu-tools-for-stm32.14.3.rel1.win32_1.0.100.202602081740/tools/bin/../lib/gcc/arm-none-eabi/14.3.1/thumb/v7e-m+fp/hard/crtbegin.o
 .text          0x080001d0       0x10 R:/STM32/IDE/STM32CubeIDE_2.1.1/STM32CubeIDE/plugins/com.st.stm32cube.ide.mcu.externaltools.gnu-tools-for-stm32.14.3.rel1.win32_1.0.100.202602081740/tools/bin/../lib/gcc/arm-none-eabi/14.3.1/../../../../arm-none-eabi/lib/thumb/v7e-m+fp/hard\libc_nano.a(libc_a-strlen.o)
                0x080001d0                strlen
 .text          0x080001e0       0xa0 R:/STM32/IDE/STM32CubeIDE_2.1.1/STM32CubeIDE/plugins/com.st.stm32cube.ide.mcu.externaltools.gnu-tools-for-stm32.14.3.rel1.win32_1.0.100.202602081740/tools/bin/../lib/gcc/arm-none-eabi/14.3.1/../../../../arm-none-eabi/lib/thumb/v7e-m+fp/hard\libc_nano.a(libc_a-memchr.o)
                0x080001e0                memchr
 .text          0x08000280       0x30 R:/STM32/IDE/STM32CubeIDE_2.1.1/STM32CubeIDE/plugins/com.st.stm32cube.ide.mcu.externaltools.gnu-tools-for-stm32.14.3.rel1.win32_1.0.100.202602081740/tools/bin/../lib/gcc/arm-none-eabi/14.3.1/thumb/v7e-m+fp/hard\libgcc.a(_aeabi_uldivmod.o)
                0x08000280                __aeabi_uldivmod
 .text          0x080002b0      0x2f8 R:/STM32/IDE/STM32CubeIDE_2.1.1/STM32CubeIDE/plugins/com.st.stm32cube.ide.mcu.externaltools.gnu-tools-for-stm32.14.3.rel1.win32_1.0.100.202602081740/tools/bin/../lib/gcc/arm-none-eabi/14.3.1/thumb/v7e-m+fp/hard\libgcc.a(_udivmoddi4.o)
                0x080002b0                __udivmoddi4
 .text          0x080005a8        0x4 R:/STM32/IDE/STM32CubeIDE_2.1.1/STM32CubeIDE/plugins/com.st.stm32cube.ide.mcu.externaltools.gnu-tools-for-stm32.14.3.rel1.win32_1.0.100.202602081740/tools/bin/../lib/gcc/arm-none-eabi/14.3.1/thumb/v7e-m+fp/hard\libgcc.a(_dvmd_tls.o)
                0x080005a8                __aeabi_idiv0
                0x080005a8                __aeabi_ldiv0
 *(.text*)
 .text._write   0x080005ac       0x2c ./Core/Src/main.o
                0x080005ac                _write
 .text.main     0x080005d8      0x2c0 ./Core/Src/main.o
                0x080005d8                main
 .text.SystemClock_Config
                0x08000898       0xd4 ./Core/Src/main.o
                0x08000898                SystemClock_Config
 .text.MX_I2C1_Init
                0x0800096c       0x5c ./Core/Src/main.o
 .text.MX_USART2_UART_Init
                0x080009c8       0x54 ./Core/Src/main.o
 .text.MX_GPIO_Init
                0x08000a1c       0x6c ./Core/Src/main.o
 .text.Error_Handler
                0x08000a88        0xc ./Core/Src/main.o
                0x08000a88                Error_Handler
 .text.HAL_MspInit
                0x08000a94       0x50 ./Core/Src/stm32f4xx_hal_msp.o
                0x08000a94                HAL_MspInit
 .text.HAL_I2C_MspInit
                0x08000ae4       0x90 ./Core/Src/stm32f4xx_hal_msp.o
                0x08000ae4                HAL_I2C_MspInit
 .text.HAL_UART_MspInit
                0x08000b74       0x90 ./Core/Src/stm32f4xx_hal_msp.o
                0x08000b74                HAL_UART_MspInit
 .text.NMI_Handler
                0x08000c04        0x8 ./Core/Src/stm32f4xx_it.o
                0x08000c04                NMI_Handler
 .text.HardFault_Handler
                0x08000c0c        0x8 ./Core/Src/stm32f4xx_it.o
                0x08000c0c                HardFault_Handler
 .text.MemManage_Handler
                0x08000c14        0x8 ./Core/Src/stm32f4xx_it.o
                0x08000c14                MemManage_Handler
 .text.BusFault_Handler
                0x08000c1c        0x8 ./Core/Src/stm32f4xx_it.o
                0x08000c1c                BusFault_Handler
 .text.UsageFault_Handler
                0x08000c24        0x8 ./Core/Src/stm32f4xx_it.o
                0x08000c24                UsageFault_Handler
 .text.SVC_Handler
                0x08000c2c        0xe ./Core/Src/stm32f4xx_it.o
                0x08000c2c                SVC_Handler
 .text.DebugMon_Handler
                0x08000c3a        0xe ./Core/Src/stm32f4xx_it.o
                0x08000c3a                DebugMon_Handler
 .text.PendSV_Handler
                0x08000c48        0xe ./Core/Src/stm32f4xx_it.o
                0x08000c48                PendSV_Handler
 .text.SysTick_Handler
                0x08000c56        0xc ./Core/Src/stm32f4xx_it.o
                0x08000c56                SysTick_Handler
 .text._read    0x08000c62       0x3a ./Core/Src/syscalls.o
                0x08000c62                _read
 .text._close   0x08000c9c       0x18 ./Core/Src/syscalls.o
                0x08000c9c                _close
 .text._fstat   0x08000cb4       0x20 ./Core/Src/syscalls.o
                0x08000cb4                _fstat
 .text._isatty  0x08000cd4       0x16 ./Core/Src/syscalls.o
                0x08000cd4                _isatty
 .text._lseek   0x08000cea       0x1a ./Core/Src/syscalls.o
                0x08000cea                _lseek
 .text._sbrk    0x08000d04       0x6c ./Core/Src/sysmem.o
                0x08000d04                _sbrk
 .text.SystemInit
                0x08000d70       0x24 ./Core/Src/system_stm32f4xx.o
                0x08000d70                SystemInit
 .text.Reset_Handler
                0x08000d94       0x50 ./Core/Startup/startup_stm32f407vgtx.o
                0x08000d94                Reset_Handler
 .text.Default_Handler
                0x08000de4        0x2 ./Core/Startup/startup_stm32f407vgtx.o
                0x08000de4                RTC_Alarm_IRQHandler
                0x08000de4                HASH_RNG_IRQHandler
                0x08000de4                EXTI2_IRQHandler
                0x08000de4                TIM8_CC_IRQHandler
                0x08000de4                TIM1_CC_IRQHandler
                0x08000de4                DMA2_Stream5_IRQHandler
                0x08000de4                DMA1_Stream5_IRQHandler
                0x08000de4                PVD_IRQHandler
                0x08000de4                SDIO_IRQHandler
                0x08000de4                TAMP_STAMP_IRQHandler
                0x08000de4                CAN2_RX1_IRQHandler
                0x08000de4                EXTI3_IRQHandler
                0x08000de4                TIM8_TRG_COM_TIM14_IRQHandler
                0x08000de4                TIM1_UP_TIM10_IRQHandler
                0x08000de4                TIM8_UP_TIM13_IRQHandler
                0x08000de4                I2C3_ER_IRQHandler
                0x08000de4                EXTI0_IRQHandler
                0x08000de4                I2C2_EV_IRQHandler
                0x08000de4                DMA1_Stream2_IRQHandler
                0x08000de4                CAN1_RX0_IRQHandler
                0x08000de4                FPU_IRQHandler
                0x08000de4                OTG_HS_WKUP_IRQHandler
                0x08000de4                CAN2_SCE_IRQHandler
                0x08000de4                DMA2_Stream2_IRQHandler
                0x08000de4                SPI1_IRQHandler
                0x08000de4                TIM6_DAC_IRQHandler
                0x08000de4                TIM1_BRK_TIM9_IRQHandler
                0x08000de4                DCMI_IRQHandler
                0x08000de4                CAN2_RX0_IRQHandler
                0x08000de4                DMA2_Stream3_IRQHandler
                0x08000de4                USART6_IRQHandler
                0x08000de4                USART3_IRQHandler
                0x08000de4                CAN1_RX1_IRQHandler
                0x08000de4                UART5_IRQHandler
                0x08000de4                DMA2_Stream0_IRQHandler
                0x08000de4                TIM4_IRQHandler
                0x08000de4                I2C1_EV_IRQHandler
                0x08000de4                DMA1_Stream6_IRQHandler
                0x08000de4                DMA1_Stream1_IRQHandler
                0x08000de4                UART4_IRQHandler
                0x08000de4                TIM3_IRQHandler
                0x08000de4                RCC_IRQHandler
                0x08000de4                TIM8_BRK_TIM12_IRQHandler
                0x08000de4                Default_Handler
                0x08000de4                EXTI15_10_IRQHandler
                0x08000de4                ADC_IRQHandler
                0x08000de4                DMA1_Stream7_IRQHandler
                0x08000de4                TIM7_IRQHandler
                0x08000de4                CAN2_TX_IRQHandler
                0x08000de4                TIM5_IRQHandler
                0x08000de4                DMA2_Stream7_IRQHandler
                0x08000de4                I2C3_EV_IRQHandler
                0x08000de4                EXTI9_5_IRQHandler
                0x08000de4                RTC_WKUP_IRQHandler
                0x08000de4                ETH_WKUP_IRQHandler
                0x08000de4                SPI2_IRQHandler
                0x08000de4                OTG_HS_EP1_IN_IRQHandler
                0x08000de4                DMA1_Stream0_IRQHandler
                0x08000de4                CAN1_TX_IRQHandler
                0x08000de4                EXTI4_IRQHandler
                0x08000de4                FSMC_IRQHandler
                0x08000de4                ETH_IRQHandler
                0x08000de4                OTG_HS_EP1_OUT_IRQHandler
                0x08000de4                WWDG_IRQHandler
                0x08000de4                TIM2_IRQHandler
                0x08000de4                OTG_FS_WKUP_IRQHandler
                0x08000de4                TIM1_TRG_COM_TIM11_IRQHandler
                0x08000de4                OTG_HS_IRQHandler
                0x08000de4                EXTI1_IRQHandler
                0x08000de4                USART2_IRQHandler
                0x08000de4                I2C2_ER_IRQHandler
                0x08000de4                DMA2_Stream1_IRQHandler
                0x08000de4                CAN1_SCE_IRQHandler
                0x08000de4                FLASH_IRQHandler
                0x08000de4                DMA2_Stream4_IRQHandler
                0x08000de4                USART1_IRQHandler
                0x08000de4                OTG_FS_IRQHandler
                0x08000de4                SPI3_IRQHandler
                0x08000de4                DMA1_Stream4_IRQHandler
                0x08000de4                I2C1_ER_IRQHandler
                0x08000de4                DMA2_Stream6_IRQHandler
                0x08000de4                DMA1_Stream3_IRQHandler
 *fill*         0x08000de6        0x2 
 .text.HAL_Init
                0x08000de8       0x44 ./Drivers/STM32F4xx_HAL_Driver/Src/stm32f4xx_hal.o
                0x08000de8                HAL_Init
 .text.HAL_InitTick
                0x08000e2c       0x60 ./Drivers/STM32F4xx_HAL_Driver/Src/stm32f4xx_hal.o
                0x08000e2c                HAL_InitTick
 .text.HAL_IncTick
                0x08000e8c       0x28 ./Drivers/STM32F4xx_HAL_Driver/Src/stm32f4xx_hal.o
                0x08000e8c                HAL_IncTick
 .text.HAL_GetTick
                0x08000eb4       0x18 ./Drivers/STM32F4xx_HAL_Driver/Src/stm32f4xx_hal.o
                0x08000eb4                HAL_GetTick
 .text.HAL_Delay
                0x08000ecc       0x48 ./Drivers/STM32F4xx_HAL_Driver/Src/stm32f4xx_hal.o
                0x08000ecc                HAL_Delay
 .text.__NVIC_SetPriorityGrouping
                0x08000f14       0x48 ./Drivers/STM32F4xx_HAL_Driver/Src/stm32f4xx_hal_cortex.o
 .text.__NVIC_GetPriorityGrouping
                0x08000f5c       0x1c ./Drivers/STM32F4xx_HAL_Driver/Src/stm32f4xx_hal_cortex.o
 .text.__NVIC_SetPriority
                0x08000f78       0x54 ./Drivers/STM32F4xx_HAL_Driver/Src/stm32f4xx_hal_cortex.o
 .text.NVIC_EncodePriority
                0x08000fcc       0x66 ./Drivers/STM32F4xx_HAL_Driver/Src/stm32f4xx_hal_cortex.o
 *fill*         0x08001032        0x2 
 .text.SysTick_Config
                0x08001034       0x44 ./Drivers/STM32F4xx_HAL_Driver/Src/stm32f4xx_hal_cortex.o
 .text.HAL_NVIC_SetPriorityGrouping
                0x08001078       0x16 ./Drivers/STM32F4xx_HAL_Driver/Src/stm32f4xx_hal_cortex.o
                0x08001078                HAL_NVIC_SetPriorityGrouping
 .text.HAL_NVIC_SetPriority
                0x0800108e       0x38 ./Drivers/STM32F4xx_HAL_Driver/Src/stm32f4xx_hal_cortex.o
                0x0800108e                HAL_NVIC_SetPriority
 .text.HAL_SYSTICK_Config
                0x080010c6       0x18 ./Drivers/STM32F4xx_HAL_Driver/Src/stm32f4xx_hal_cortex.o
                0x080010c6                HAL_SYSTICK_Config
 *fill*         0x080010de        0x2 
 .text.HAL_GPIO_Init
                0x080010e0      0x338 ./Drivers/STM32F4xx_HAL_Driver/Src/stm32f4xx_hal_gpio.o
                0x080010e0                HAL_GPIO_Init
 .text.HAL_I2C_Init
                0x08001418      0x288 ./Drivers/STM32F4xx_HAL_Driver/Src/stm32f4xx_hal_i2c.o
                0x08001418                HAL_I2C_Init
 .text.HAL_I2C_Mem_Write
                0x080016a0      0x1f4 ./Drivers/STM32F4xx_HAL_Driver/Src/stm32f4xx_hal_i2c.o
                0x080016a0                HAL_I2C_Mem_Write
 .text.HAL_I2C_Mem_Read
                0x08001894      0x464 ./Drivers/STM32F4xx_HAL_Driver/Src/stm32f4xx_hal_i2c.o
                0x08001894                HAL_I2C_Mem_Read
 .text.I2C_RequestMemoryWrite
                0x08001cf8      0x12c ./Drivers/STM32F4xx_HAL_Driver/Src/stm32f4xx_hal_i2c.o
 .text.I2C_RequestMemoryRead
                0x08001e24      0x1d0 ./Drivers/STM32F4xx_HAL_Driver/Src/stm32f4xx_hal_i2c.o
 .text.I2C_WaitOnFlagUntilTimeout
                0x08001ff4       0xf4 ./Drivers/STM32F4xx_HAL_Driver/Src/stm32f4xx_hal_i2c.o
 .text.I2C_WaitOnMasterAddressFlagUntilTimeout
                0x080020e8      0x140 ./Drivers/STM32F4xx_HAL_Driver/Src/stm32f4xx_hal_i2c.o
 .text.I2C_WaitOnTXEFlagUntilTimeout
                0x08002228       0x90 ./Drivers/STM32F4xx_HAL_Driver/Src/stm32f4xx_hal_i2c.o
 .text.I2C_WaitOnBTFFlagUntilTimeout
                0x080022b8       0x90 ./Drivers/STM32F4xx_HAL_Driver/Src/stm32f4xx_hal_i2c.o
 .text.I2C_WaitOnRXNEFlagUntilTimeout
                0x08002348       0xba ./Drivers/STM32F4xx_HAL_Driver/Src/stm32f4xx_hal_i2c.o
 .text.I2C_IsAcknowledgeFailed
                0x08002402       0x5e ./Drivers/STM32F4xx_HAL_Driver/Src/stm32f4xx_hal_i2c.o
 .text.HAL_RCC_OscConfig
                0x08002460      0x4f0 ./Drivers/STM32F4xx_HAL_Driver/Src/stm32f4xx_hal_rcc.o
                0x08002460                HAL_RCC_OscConfig
 .text.HAL_RCC_ClockConfig
                0x08002950      0x1cc ./Drivers/STM32F4xx_HAL_Driver/Src/stm32f4xx_hal_rcc.o
                0x08002950                HAL_RCC_ClockConfig
 .text.HAL_RCC_GetSysClockFreq
                0x08002b1c      0x20c ./Drivers/STM32F4xx_HAL_Driver/Src/stm32f4xx_hal_rcc.o
                0x08002b1c                HAL_RCC_GetSysClockFreq
 .text.HAL_RCC_GetHCLKFreq
                0x08002d28       0x18 ./Drivers/STM32F4xx_HAL_Driver/Src/stm32f4xx_hal_rcc.o
                0x08002d28                HAL_RCC_GetHCLKFreq
 .text.HAL_RCC_GetPCLK1Freq
                0x08002d40       0x28 ./Drivers/STM32F4xx_HAL_Driver/Src/stm32f4xx_hal_rcc.o
                0x08002d40                HAL_RCC_GetPCLK1Freq
 .text.HAL_RCC_GetPCLK2Freq
                0x08002d68       0x28 ./Drivers/STM32F4xx_HAL_Driver/Src/stm32f4xx_hal_rcc.o
                0x08002d68                HAL_RCC_GetPCLK2Freq
 .text.HAL_UART_Init
                0x08002d90       0xa0 ./Drivers/STM32F4xx_HAL_Driver/Src/stm32f4xx_hal_uart.o
                0x08002d90                HAL_UART_Init
 .text.HAL_UART_Transmit
                0x08002e30      0x116 ./Drivers/STM32F4xx_HAL_Driver/Src/stm32f4xx_hal_uart.o
                0x08002e30                HAL_UART_Transmit
 .text.UART_WaitOnFlagUntilTimeout
                0x08002f46       0xb2 ./Drivers/STM32F4xx_HAL_Driver/Src/stm32f4xx_hal_uart.o
 .text.UART_EndRxTransfer
                0x08002ff8       0xc6 ./Drivers/STM32F4xx_HAL_Driver/Src/stm32f4xx_hal_uart.o
 *fill*         0x080030be        0x2 
 .text.UART_SetConfig
                0x080030c0      0x4e8 ./Drivers/STM32F4xx_HAL_Driver/Src/stm32f4xx_hal_uart.o
 .text.ai_log_err
                0x080035a8       0x44 ./X-CUBE-AI/App/app_x-cube-ai.o
 .text.ai_boostrap
                0x080035ec       0xc8 ./X-CUBE-AI/App/app_x-cube-ai.o
 .text.ai_run   0x080036b4       0x54 ./X-CUBE-AI/App/app_x-cube-ai.o
 .text.acquire_and_process_data
                0x08003708       0x54 ./X-CUBE-AI/App/app_x-cube-ai.o
                0x08003708                acquire_and_process_data
 .text.post_process
                0x0800375c       0x90 ./X-CUBE-AI/App/app_x-cube-ai.o
                0x0800375c                post_process
 .text.MX_X_CUBE_AI_Init
                0x080037ec       0x1c ./X-CUBE-AI/App/app_x-cube-ai.o
                0x080037ec                MX_X_CUBE_AI_Init
 .text.MX_X_CUBE_AI_Process
                0x08003808       0x6c ./X-CUBE-AI/App/app_x-cube-ai.o
                0x08003808                MX_X_CUBE_AI_Process
 .text.network_configure_activations
                0x08003874      0x100 ./X-CUBE-AI/App/network.o
 .text.network_configure_weights
                0x08003974      0x170 ./X-CUBE-AI/App/network.o
 .text.ai_network_get_error
                0x08003ae4       0x18 ./X-CUBE-AI/App/network.o
                0x08003ae4                ai_network_get_error
 .text.ai_network_create
                0x08003afc       0x2c ./X-CUBE-AI/App/network.o
                0x08003afc                ai_network_create
 .text.ai_network_create_and_init
                0x08003b28       0xfc ./X-CUBE-AI/App/network.o
                0x08003b28                ai_network_create_and_init
 .text.ai_network_inputs_get
                0x08003c24       0x34 ./X-CUBE-AI/App/network.o
                0x08003c24                ai_network_inputs_get
 .text.ai_network_outputs_get
                0x08003c58       0x34 ./X-CUBE-AI/App/network.o
                0x08003c58                ai_network_outputs_get
 .text.ai_network_init
                0x08003c8c       0x78 ./X-CUBE-AI/App/network.o
                0x08003c8c                ai_network_init
 .text.ai_network_run
                0x08003d04       0x20 ./X-CUBE-AI/App/network.o
                0x08003d04                ai_network_run
 .text.ai_network_data_params_get
                0x08003d24       0x50 ./X-CUBE-AI/App/network_data.o
                0x08003d24                ai_network_data_params_get
 .text.ai_buffer_get_size
                0x08003d74       0x64 ../Middlewares/ST/AI/Lib\NetworkRuntime1020_CM4_GCC.a(ai_platform.o)
                0x08003d74                ai_buffer_get_size
 .text.ai_buffer_array_sane
                0x08003dd8       0x14 ../Middlewares/ST/AI/Lib\NetworkRuntime1020_CM4_GCC.a(ai_platform.o)
                0x08003dd8                ai_buffer_array_sane
 .text.ai_buffer_array_item_set_address
                0x08003dec       0x1c ../Middlewares/ST/AI/Lib\NetworkRuntime1020_CM4_GCC.a(ai_platform.o)
                0x08003dec                ai_buffer_array_item_set_address
 .text.ai_platform_get_weights_map
                0x08003e08       0xa4 ../Middlewares/ST/AI/Lib\NetworkRuntime1020_CM4_GCC.a(ai_platform_interface.o)
                0x08003e08                ai_platform_get_weights_map
 .text.ai_platform_get_activations_map
                0x08003eac       0xa8 ../Middlewares/ST/AI/Lib\NetworkRuntime1020_CM4_GCC.a(ai_platform_interface.o)
                0x08003eac                ai_platform_get_activations_map
 .text.ai_platform_bind_network_params
                0x08003f54       0x44 ../Middlewares/ST/AI/Lib\NetworkRuntime1020_CM4_GCC.a(ai_platform_interface.o)
                0x08003f54                ai_platform_bind_network_params
 .text.ai_platform_network_get_error
                0x08003f98       0x18 ../Middlewares/ST/AI/Lib\NetworkRuntime1020_CM4_GCC.a(ai_platform_interface.o)
                0x08003f98                ai_platform_network_get_error
 .text.ai_platform_network_set_error
                0x08003fb0        0xc ../Middlewares/ST/AI/Lib\NetworkRuntime1020_CM4_GCC.a(ai_platform_interface.o)
                0x08003fb0                ai_platform_network_set_error
 .text.ai_platform_inputs_get
                0x08003fbc       0xec ../Middlewares/ST/AI/Lib\NetworkRuntime1020_CM4_GCC.a(ai_platform_interface.o)
                0x08003fbc                ai_platform_inputs_get
 .text.ai_platform_outputs_get
                0x080040a8       0xe4 ../Middlewares/ST/AI/Lib\NetworkRuntime1020_CM4_GCC.a(ai_platform_interface.o)
                0x080040a8                ai_platform_outputs_get
 .text.ai_platform_network_create
                0x0800418c       0x84 ../Middlewares/ST/AI/Lib\NetworkRuntime1020_CM4_GCC.a(ai_platform_interface.o)
                0x0800418c                ai_platform_network_create
 .text.ai_platform_network_init
                0x08004210      0x130 ../Middlewares/ST/AI/Lib\NetworkRuntime1020_CM4_GCC.a(ai_platform_interface.o)
                0x08004210                ai_platform_network_init
 .text.ai_platform_network_post_init
                0x08004340       0x5c ../Middlewares/ST/AI/Lib\NetworkRuntime1020_CM4_GCC.a(ai_platform_interface.o)
                0x08004340                ai_platform_network_post_init
 .text.ai_platform_network_process
                0x0800439c      0x438 ../Middlewares/ST/AI/Lib\NetworkRuntime1020_CM4_GCC.a(ai_platform_interface.o)
                0x0800439c                ai_platform_network_process
 .text.core_init
                0x080047d4        0x4 ../Middlewares/ST/AI/Lib\NetworkRuntime1020_CM4_GCC.a(core_common.o)
                0x080047d4                core_init
 .text.core_get_error
                0x080047d8        0xc ../Middlewares/ST/AI/Lib\NetworkRuntime1020_CM4_GCC.a(core_common.o)
                0x080047d8                core_get_error
 .text.core_set_error
                0x080047e4       0x18 ../Middlewares/ST/AI/Lib\NetworkRuntime1020_CM4_GCC.a(core_common.o)
                0x080047e4                core_set_error
 .text.ai_check_custom_types
                0x080047fc       0x54 ../Middlewares/ST/AI/Lib\NetworkRuntime1020_CM4_GCC.a(layers.o)
                0x080047fc                ai_check_custom_types
 .text.ai_layers_init_all
                0x08004850       0x20 ../Middlewares/ST/AI/Lib\NetworkRuntime1020_CM4_GCC.a(layers.o)
                0x08004850                ai_layers_init_all
 .text.ai_layers_post_init_all
                0x08004870       0x3c ../Middlewares/ST/AI/Lib\NetworkRuntime1020_CM4_GCC.a(layers.o)
                0x08004870                ai_layers_post_init_all
 .text.ai_layers_forward_all
                0x080048ac       0x90 ../Middlewares/ST/AI/Lib\NetworkRuntime1020_CM4_GCC.a(layers.o)
                0x080048ac                ai_layers_forward_all
 .text.forward_dense
                0x0800493c      0x100 ../Middlewares/ST/AI/Lib\NetworkRuntime1020_CM4_GCC.a(layers_conv2d_generic_float.o)
                0x0800493c                forward_dense
 .text.forward_relu
                0x08004a3c      0x134 ../Middlewares/ST/AI/Lib\NetworkRuntime1020_CM4_GCC.a(layers_nl_generic_float.o)
                0x08004a3c                forward_relu
 .text.forward_sm
                0x08004b70       0x84 ../Middlewares/ST/AI/Lib\NetworkRuntime1020_CM4_GCC.a(layers_nl_generic_float.o)
                0x08004b70                forward_sm
 .text.forward_lite_nl_softmax_if32of32_kernel
                0x08004bf4       0xf0 ../Middlewares/ST/AI/Lib\NetworkRuntime1020_CM4_GCC.a(lite_nl_softmax_if32of32.o)
                0x08004bf4                forward_lite_nl_softmax_if32of32_kernel
 .text.forward_lite_nl_relu_generic_if32of32_kernel
                0x08004ce4       0xf0 ../Middlewares/ST/AI/Lib\NetworkRuntime1020_CM4_GCC.a(lite_nl_relu_if32of32.o)
                0x08004ce4                forward_lite_nl_relu_generic_if32of32_kernel
 .text.forward_lite_dense_if32of32wf32
                0x08004dd4      0x2ac ../Middlewares/ST/AI/Lib\NetworkRuntime1020_CM4_GCC.a(lite_dense_if32.o)
                0x08004dd4                forward_lite_dense_if32of32wf32
 .text.forward_lite_dense_if32of32wf32_lut4
                0x08005080      0x288 ../Middlewares/ST/AI/Lib\NetworkRuntime1020_CM4_GCC.a(lite_dense_if32.o)
                0x08005080                forward_lite_dense_if32of32wf32_lut4
 .text.forward_lite_dense_if32of32wf32_lut8
                0x08005308      0x298 ../Middlewares/ST/AI/Lib\NetworkRuntime1020_CM4_GCC.a(lite_dense_if32.o)
                0x08005308                forward_lite_dense_if32of32wf32_lut8
 .text.forward_lite_nl_softmax_if32of32
                0x080055a0       0x64 ../Middlewares/ST/AI/Lib\NetworkRuntime1020_CM4_GCC.a(lite_nl_generic_float.o)
                0x080055a0                forward_lite_nl_softmax_if32of32
 .text.st_int8_copy
                0x08005604      0x13c ../Middlewares/ST/AI/Lib\NetworkRuntime1020_CM4_GCC.a(st_int8_fill.o)
                0x08005604                st_int8_copy
 .text.ai_array_to_buffer_fmt
                0x08005740       0xe0 ../Middlewares/ST/AI/Lib\NetworkRuntime1020_CM4_GCC.a(ai_datatypes_format.o)
                0x08005740                ai_array_to_buffer_fmt
 .text.ai_array_get_data_byte_size
                0x08005820       0x24 ../Middlewares/ST/AI/Lib\NetworkRuntime1020_CM4_GCC.a(ai_datatypes_format.o)
                0x08005820                ai_array_get_data_byte_size
 .text.ai_version_get
                0x08005844        0xc ../Middlewares/ST/AI/Lib\NetworkRuntime1020_CM4_GCC.a(ai_datatypes_internal.o)
                0x08005844                ai_version_get
 .text.get_tensor_byte_size
                0x08005850       0x30 ../Middlewares/ST/AI/Lib\NetworkRuntime1020_CM4_GCC.a(ai_datatypes_internal.o)
                0x08005850                get_tensor_byte_size
 .text.sbrk_aligned
                0x08005880       0x44 R:/STM32/IDE/STM32CubeIDE_2.1.1/STM32CubeIDE/plugins/com.st.stm32cube.ide.mcu.externaltools.gnu-tools-for-stm32.14.3.rel1.win32_1.0.100.202602081740/tools/bin/../lib/gcc/arm-none-eabi/14.3.1/../../../../arm-none-eabi/lib/thumb/v7e-m+fp/hard\libc_nano.a(libc_a-mallocr.o)
 .text._malloc_r
                0x080058c4      0x100 R:/STM32/IDE/STM32CubeIDE_2.1.1/STM32CubeIDE/plugins/com.st.stm32cube.ide.mcu.externaltools.gnu-tools-for-stm32.14.3.rel1.win32_1.0.100.202602081740/tools/bin/../lib/gcc/arm-none-eabi/14.3.1/../../../../arm-none-eabi/lib/thumb/v7e-m+fp/hard\libc_nano.a(libc_a-mallocr.o)
                0x080058c4                _malloc_r
 .text.__malloc_lock
                0x080059c4        0xc R:/STM32/IDE/STM32CubeIDE_2.1.1/STM32CubeIDE/plugins/com.st.stm32cube.ide.mcu.externaltools.gnu-tools-for-stm32.14.3.rel1.win32_1.0.100.202602081740/tools/bin/../lib/gcc/arm-none-eabi/14.3.1/../../../../arm-none-eabi/lib/thumb/v7e-m+fp/hard\libc_nano.a(libc_a-mlock.o)
                0x080059c4                __malloc_lock
 .text.__malloc_unlock
                0x080059d0        0xc R:/STM32/IDE/STM32CubeIDE_2.1.1/STM32CubeIDE/plugins/com.st.stm32cube.ide.mcu.externaltools.gnu-tools-for-stm32.14.3.rel1.win32_1.0.100.202602081740/tools/bin/../lib/gcc/arm-none-eabi/14.3.1/../../../../arm-none-eabi/lib/thumb/v7e-m+fp/hard\libc_nano.a(libc_a-mlock.o)
                0x080059d0                __malloc_unlock
 .text._realloc_r
                0x080059dc       0x5c R:/STM32/IDE/STM32CubeIDE_2.1.1/STM32CubeIDE/plugins/com.st.stm32cube.ide.mcu.externaltools.gnu-tools-for-stm32.14.3.rel1.win32_1.0.100.202602081740/tools/bin/../lib/gcc/arm-none-eabi/14.3.1/../../../../arm-none-eabi/lib/thumb/v7e-m+fp/hard\libc_nano.a(libc_a-reallocr.o)
                0x080059dc                _realloc_r
 .text.std      0x08005a38       0x6c R:/STM32/IDE/STM32CubeIDE_2.1.1/STM32CubeIDE/plugins/com.st.stm32cube.ide.mcu.externaltools.gnu-tools-for-stm32.14.3.rel1.win32_1.0.100.202602081740/tools/bin/../lib/gcc/arm-none-eabi/14.3.1/../../../../arm-none-eabi/lib/thumb/v7e-m+fp/hard\libc_nano.a(libc_a-findfp.o)
 .text.stdio_exit_handler
                0x08005aa4       0x18 R:/STM32/IDE/STM32CubeIDE_2.1.1/STM32CubeIDE/plugins/com.st.stm32cube.ide.mcu.externaltools.gnu-tools-for-stm32.14.3.rel1.win32_1.0.100.202602081740/tools/bin/../lib/gcc/arm-none-eabi/14.3.1/../../../../arm-none-eabi/lib/thumb/v7e-m+fp/hard\libc_nano.a(libc_a-findfp.o)
 .text.cleanup_stdio
                0x08005abc       0x40 R:/STM32/IDE/STM32CubeIDE_2.1.1/STM32CubeIDE/plugins/com.st.stm32cube.ide.mcu.externaltools.gnu-tools-for-stm32.14.3.rel1.win32_1.0.100.202602081740/tools/bin/../lib/gcc/arm-none-eabi/14.3.1/../../../../arm-none-eabi/lib/thumb/v7e-m+fp/hard\libc_nano.a(libc_a-findfp.o)
 .text.global_stdio_init.part.0
                0x08005afc       0x40 R:/STM32/IDE/STM32CubeIDE_2.1.1/STM32CubeIDE/plugins/com.st.stm32cube.ide.mcu.externaltools.gnu-tools-for-stm32.14.3.rel1.win32_1.0.100.202602081740/tools/bin/../lib/gcc/arm-none-eabi/14.3.1/../../../../arm-none-eabi/lib/thumb/v7e-m+fp/hard\libc_nano.a(libc_a-findfp.o)
 .text.__sfp_lock_acquire
                0x08005b3c        0xc R:/STM32/IDE/STM32CubeIDE_2.1.1/STM32CubeIDE/plugins/com.st.stm32cube.ide.mcu.externaltools.gnu-tools-for-stm32.14.3.rel1.win32_1.0.100.202602081740/tools/bin/../lib/gcc/arm-none-eabi/14.3.1/../../../../arm-none-eabi/lib/thumb/v7e-m+fp/hard\libc_nano.a(libc_a-findfp.o)
                0x08005b3c                __sfp_lock_acquire
 .text.__sfp_lock_release
                0x08005b48        0xc R:/STM32/IDE/STM32CubeIDE_2.1.1/STM32CubeIDE/plugins/com.st.stm32cube.ide.mcu.externaltools.gnu-tools-for-stm32.14.3.rel1.win32_1.0.100.202602081740/tools/bin/../lib/gcc/arm-none-eabi/14.3.1/../../../../arm-none-eabi/lib/thumb/v7e-m+fp/hard\libc_nano.a(libc_a-findfp.o)
                0x08005b48                __sfp_lock_release
 .text.__sinit  0x08005b54       0x30 R:/STM32/IDE/STM32CubeIDE_2.1.1/STM32CubeIDE/plugins/com.st.stm32cube.ide.mcu.externaltools.gnu-tools-for-stm32.14.3.rel1.win32_1.0.100.202602081740/tools/bin/../lib/gcc/arm-none-eabi/14.3.1/../../../../arm-none-eabi/lib/thumb/v7e-m+fp/hard\libc_nano.a(libc_a-findfp.o)
                0x08005b54                __sinit
 .text._fwalk_sglue
                0x08005b84       0x3c R:/STM32/IDE/STM32CubeIDE_2.1.1/STM32CubeIDE/plugins/com.st.stm32cube.ide.mcu.externaltools.gnu-tools-for-stm32.14.3.rel1.win32_1.0.100.202602081740/tools/bin/../lib/gcc/arm-none-eabi/14.3.1/../../../../arm-none-eabi/lib/thumb/v7e-m+fp/hard\libc_nano.a(libc_a-fwalk.o)
                0x08005b84                _fwalk_sglue
 .text.printf   0x08005bc0       0x24 R:/STM32/IDE/STM32CubeIDE_2.1.1/STM32CubeIDE/plugins/com.st.stm32cube.ide.mcu.externaltools.gnu-tools-for-stm32.14.3.rel1.win32_1.0.100.202602081740/tools/bin/../lib/gcc/arm-none-eabi/14.3.1/../../../../arm-none-eabi/lib/thumb/v7e-m+fp/hard\libc_nano.a(libc_a-printf.o)
                0x08005bc0                iprintf
                0x08005bc0                printf
 .text._puts_r  0x08005be4       0xaa R:/STM32/IDE/STM32CubeIDE_2.1.1/STM32CubeIDE/plugins/com.st.stm32cube.ide.mcu.externaltools.gnu-tools-for-stm32.14.3.rel1.win32_1.0.100.202602081740/tools/bin/../lib/gcc/arm-none-eabi/14.3.1/../../../../arm-none-eabi/lib/thumb/v7e-m+fp/hard\libc_nano.a(libc_a-puts.o)
                0x08005be4                _puts_r
 *fill*         0x08005c8e        0x2 
 .text.puts     0x08005c90       0x10 R:/STM32/IDE/STM32CubeIDE_2.1.1/STM32CubeIDE/plugins/com.st.stm32cube.ide.mcu.externaltools.gnu-tools-for-stm32.14.3.rel1.win32_1.0.100.202602081740/tools/bin/../lib/gcc/arm-none-eabi/14.3.1/../../../../arm-none-eabi/lib/thumb/v7e-m+fp/hard\libc_nano.a(libc_a-puts.o)
                0x08005c90                puts
 .text.sprintf  0x08005ca0       0x44 R:/STM32/IDE/STM32CubeIDE_2.1.1/STM32CubeIDE/plugins/com.st.stm32cube.ide.mcu.externaltools.gnu-tools-for-stm32.14.3.rel1.win32_1.0.100.202602081740/tools/bin/../lib/gcc/arm-none-eabi/14.3.1/../../../../arm-none-eabi/lib/thumb/v7e-m+fp/hard\libc_nano.a(libc_a-sprintf.o)
                0x08005ca0                siprintf
                0x08005ca0                sprintf
 .text.__sread  0x08005ce4       0x22 R:/STM32/IDE/STM32CubeIDE_2.1.1/STM32CubeIDE/plugins/com.st.stm32cube.ide.mcu.externaltools.gnu-tools-for-stm32.14.3.rel1.win32_1.0.100.202602081740/tools/bin/../lib/gcc/arm-none-eabi/14.3.1/../../../../arm-none-eabi/lib/thumb/v7e-m+fp/hard\libc_nano.a(libc_a-stdio.o)
                0x08005ce4                __sread
 .text.__swrite
                0x08005d06       0x38 R:/STM32/IDE/STM32CubeIDE_2.1.1/STM32CubeIDE/plugins/com.st.stm32cube.ide.mcu.externaltools.gnu-tools-for-stm32.14.3.rel1.win32_1.0.100.202602081740/tools/bin/../lib/gcc/arm-none-eabi/14.3.1/../../../../arm-none-eabi/lib/thumb/v7e-m+fp/hard\libc_nano.a(libc_a-stdio.o)
                0x08005d06                __swrite
 .text.__sseek  0x08005d3e       0x26 R:/STM32/IDE/STM32CubeIDE_2.1.1/STM32CubeIDE/plugins/com.st.stm32cube.ide.mcu.externaltools.gnu-tools-for-stm32.14.3.rel1.win32_1.0.100.202602081740/tools/bin/../lib/gcc/arm-none-eabi/14.3.1/../../../../arm-none-eabi/lib/thumb/v7e-m+fp/hard\libc_nano.a(libc_a-stdio.o)
                0x08005d3e                __sseek
 .text.__sclose
                0x08005d64        0x8 R:/STM32/IDE/STM32CubeIDE_2.1.1/STM32CubeIDE/plugins/com.st.stm32cube.ide.mcu.externaltools.gnu-tools-for-stm32.14.3.rel1.win32_1.0.100.202602081740/tools/bin/../lib/gcc/arm-none-eabi/14.3.1/../../../../arm-none-eabi/lib/thumb/v7e-m+fp/hard\libc_nano.a(libc_a-stdio.o)
                0x08005d64                __sclose
 .text.__swbuf_r
                0x08005d6c       0x7c R:/STM32/IDE/STM32CubeIDE_2.1.1/STM32CubeIDE/plugins/com.st.stm32cube.ide.mcu.externaltools.gnu-tools-for-stm32.14.3.rel1.win32_1.0.100.202602081740/tools/bin/../lib/gcc/arm-none-eabi/14.3.1/../../../../arm-none-eabi/lib/thumb/v7e-m+fp/hard\libc_nano.a(libc_a-wbuf.o)
                0x08005d6c                __swbuf_r
 .text.__swsetup_r
                0x08005de8       0xa8 R:/STM32/IDE/STM32CubeIDE_2.1.1/STM32CubeIDE/plugins/com.st.stm32cube.ide.mcu.externaltools.gnu-tools-for-stm32.14.3.rel1.win32_1.0.100.202602081740/tools/bin/../lib/gcc/arm-none-eabi/14.3.1/../../../../arm-none-eabi/lib/thumb/v7e-m+fp/hard\libc_nano.a(libc_a-wsetup.o)
                0x08005de8                __swsetup_r
 .text.memset   0x08005e90       0x10 R:/STM32/IDE/STM32CubeIDE_2.1.1/STM32CubeIDE/plugins/com.st.stm32cube.ide.mcu.externaltools.gnu-tools-for-stm32.14.3.rel1.win32_1.0.100.202602081740/tools/bin/../lib/gcc/arm-none-eabi/14.3.1/../../../../arm-none-eabi/lib/thumb/v7e-m+fp/hard\libc_nano.a(libc_a-memset.o)
                0x08005e90                memset
 .text._close_r
                0x08005ea0       0x20 R:/STM32/IDE/STM32CubeIDE_2.1.1/STM32CubeIDE/plugins/com.st.stm32cube.ide.mcu.externaltools.gnu-tools-for-stm32.14.3.rel1.win32_1.0.100.202602081740/tools/bin/../lib/gcc/arm-none-eabi/14.3.1/../../../../arm-none-eabi/lib/thumb/v7e-m+fp/hard\libc_nano.a(libc_a-closer.o)
                0x08005ea0                _close_r
 .text._lseek_r
                0x08005ec0       0x24 R:/STM32/IDE/STM32CubeIDE_2.1.1/STM32CubeIDE/plugins/com.st.stm32cube.ide.mcu.externaltools.gnu-tools-for-stm32.14.3.rel1.win32_1.0.100.202602081740/tools/bin/../lib/gcc/arm-none-eabi/14.3.1/../../../../arm-none-eabi/lib/thumb/v7e-m+fp/hard\libc_nano.a(libc_a-lseekr.o)
                0x08005ec0                _lseek_r
 .text._read_r  0x08005ee4       0x24 R:/STM32/IDE/STM32CubeIDE_2.1.1/STM32CubeIDE/plugins/com.st.stm32cube.ide.mcu.externaltools.gnu-tools-for-stm32.14.3.rel1.win32_1.0.100.202602081740/tools/bin/../lib/gcc/arm-none-eabi/14.3.1/../../../../arm-none-eabi/lib/thumb/v7e-m+fp/hard\libc_nano.a(libc_a-readr.o)
                0x08005ee4                _read_r
 .text._sbrk_r  0x08005f08       0x20 R:/STM32/IDE/STM32CubeIDE_2.1.1/STM32CubeIDE/plugins/com.st.stm32cube.ide.mcu.externaltools.gnu-tools-for-stm32.14.3.rel1.win32_1.0.100.202602081740/tools/bin/../lib/gcc/arm-none-eabi/14.3.1/../../../../arm-none-eabi/lib/thumb/v7e-m+fp/hard\libc_nano.a(libc_a-sbrkr.o)
                0x08005f08                _sbrk_r
 .text._write_r
                0x08005f28       0x24 R:/STM32/IDE/STM32CubeIDE_2.1.1/STM32CubeIDE/plugins/com.st.stm32cube.ide.mcu.externaltools.gnu-tools-for-stm32.14.3.rel1.win32_1.0.100.202602081740/tools/bin/../lib/gcc/arm-none-eabi/14.3.1/../../../../arm-none-eabi/lib/thumb/v7e-m+fp/hard\libc_nano.a(libc_a-writer.o)
                0x08005f28                _write_r
 .text.__errno  0x08005f4c        0xc R:/STM32/IDE/STM32CubeIDE_2.1.1/STM32CubeIDE/plugins/com.st.stm32cube.ide.mcu.externaltools.gnu-tools-for-stm32.14.3.rel1.win32_1.0.100.202602081740/tools/bin/../lib/gcc/arm-none-eabi/14.3.1/../../../../arm-none-eabi/lib/thumb/v7e-m+fp/hard\libc_nano.a(libc_a-errno.o)
                0x08005f4c                __errno
 .text.__libc_init_array
                0x08005f58       0x48 R:/STM32/IDE/STM32CubeIDE_2.1.1/STM32CubeIDE/plugins/com.st.stm32cube.ide.mcu.externaltools.gnu-tools-for-stm32.14.3.rel1.win32_1.0.100.202602081740/tools/bin/../lib/gcc/arm-none-eabi/14.3.1/../../../../arm-none-eabi/lib/thumb/v7e-m+fp/hard\libc_nano.a(libc_a-init.o)
                0x08005f58                __libc_init_array
 .text.__retarget_lock_init_recursive
                0x08005fa0        0x2 R:/STM32/IDE/STM32CubeIDE_2.1.1/STM32CubeIDE/plugins/com.st.stm32cube.ide.mcu.externaltools.gnu-tools-for-stm32.14.3.rel1.win32_1.0.100.202602081740/tools/bin/../lib/gcc/arm-none-eabi/14.3.1/../../../../arm-none-eabi/lib/thumb/v7e-m+fp/hard\libc_nano.a(libc_a-lock.o)
                0x08005fa0                __retarget_lock_init_recursive
 .text.__retarget_lock_acquire_recursive
                0x08005fa2        0x2 R:/STM32/IDE/STM32CubeIDE_2.1.1/STM32CubeIDE/plugins/com.st.stm32cube.ide.mcu.externaltools.gnu-tools-for-stm32.14.3.rel1.win32_1.0.100.202602081740/tools/bin/../lib/gcc/arm-none-eabi/14.3.1/../../../../arm-none-eabi/lib/thumb/v7e-m+fp/hard\libc_nano.a(libc_a-lock.o)
                0x08005fa2                __retarget_lock_acquire_recursive
 .text.__retarget_lock_release_recursive
                0x08005fa4        0x2 R:/STM32/IDE/STM32CubeIDE_2.1.1/STM32CubeIDE/plugins/com.st.stm32cube.ide.mcu.externaltools.gnu-tools-for-stm32.14.3.rel1.win32_1.0.100.202602081740/tools/bin/../lib/gcc/arm-none-eabi/14.3.1/../../../../arm-none-eabi/lib/thumb/v7e-m+fp/hard\libc_nano.a(libc_a-lock.o)
                0x08005fa4                __retarget_lock_release_recursive
 .text.memcpy   0x08005fa6       0x1c R:/STM32/IDE/STM32CubeIDE_2.1.1/STM32CubeIDE/plugins/com.st.stm32cube.ide.mcu.externaltools.gnu-tools-for-stm32.14.3.rel1.win32_1.0.100.202602081740/tools/bin/../lib/gcc/arm-none-eabi/14.3.1/../../../../arm-none-eabi/lib/thumb/v7e-m+fp/hard\libc_nano.a(libc_a-memcpy-stub.o)
                0x08005fa6                memcpy
 *fill*         0x08005fc2        0x2 
 .text._free_r  0x08005fc4       0x94 R:/STM32/IDE/STM32CubeIDE_2.1.1/STM32CubeIDE/plugins/com.st.stm32cube.ide.mcu.externaltools.gnu-tools-for-stm32.14.3.rel1.win32_1.0.100.202602081740/tools/bin/../lib/gcc/arm-none-eabi/14.3.1/../../../../arm-none-eabi/lib/thumb/v7e-m+fp/hard\libc_nano.a(libc_a-freer.o)
                0x08005fc4                _free_r
 .text._malloc_usable_size_r
                0x08006058       0x10 R:/STM32/IDE/STM32CubeIDE_2.1.1/STM32CubeIDE/plugins/com.st.stm32cube.ide.mcu.externaltools.gnu-tools-for-stm32.14.3.rel1.win32_1.0.100.202602081740/tools/bin/../lib/gcc/arm-none-eabi/14.3.1/../../../../arm-none-eabi/lib/thumb/v7e-m+fp/hard\libc_nano.a(libc_a-msizer.o)
                0x08006058                _malloc_usable_size_r
 .text.__ssputs_r
                0x08006068       0xc0 R:/STM32/IDE/STM32CubeIDE_2.1.1/STM32CubeIDE/plugins/com.st.stm32cube.ide.mcu.externaltools.gnu-tools-for-stm32.14.3.rel1.win32_1.0.100.202602081740/tools/bin/../lib/gcc/arm-none-eabi/14.3.1/../../../../arm-none-eabi/lib/thumb/v7e-m+fp/hard\libc_nano.a(libc_a-nano-svfprintf.o)
                0x08006068                __ssputs_r
 .text._svfprintf_r
                0x08006128      0x1f0 R:/STM32/IDE/STM32CubeIDE_2.1.1/STM32CubeIDE/plugins/com.st.stm32cube.ide.mcu.externaltools.gnu-tools-for-stm32.14.3.rel1.win32_1.0.100.202602081740/tools/bin/../lib/gcc/arm-none-eabi/14.3.1/../../../../arm-none-eabi/lib/thumb/v7e-m+fp/hard\libc_nano.a(libc_a-nano-svfprintf.o)
                0x08006128                _svfiprintf_r
                0x08006128                _svfprintf_r
 .text.__sfputc_r
                0x08006318       0x2e R:/STM32/IDE/STM32CubeIDE_2.1.1/STM32CubeIDE/plugins/com.st.stm32cube.ide.mcu.externaltools.gnu-tools-for-stm32.14.3.rel1.win32_1.0.100.202602081740/tools/bin/../lib/gcc/arm-none-eabi/14.3.1/../../../../arm-none-eabi/lib/thumb/v7e-m+fp/hard\libc_nano.a(libc_a-nano-vfprintf.o)
 .text.__sfputs_r
                0x08006346       0x24 R:/STM32/IDE/STM32CubeIDE_2.1.1/STM32CubeIDE/plugins/com.st.stm32cube.ide.mcu.externaltools.gnu-tools-for-stm32.14.3.rel1.win32_1.0.100.202602081740/tools/bin/../lib/gcc/arm-none-eabi/14.3.1/../../../../arm-none-eabi/lib/thumb/v7e-m+fp/hard\libc_nano.a(libc_a-nano-vfprintf.o)
                0x08006346                __sfputs_r
 *fill*         0x0800636a        0x2 
 .text._vfprintf_r
                0x0800636c      0x228 R:/STM32/IDE/STM32CubeIDE_2.1.1/STM32CubeIDE/plugins/com.st.stm32cube.ide.mcu.externaltools.gnu-tools-for-stm32.14.3.rel1.win32_1.0.100.202602081740/tools/bin/../lib/gcc/arm-none-eabi/14.3.1/../../../../arm-none-eabi/lib/thumb/v7e-m+fp/hard\libc_nano.a(libc_a-nano-vfprintf.o)
                0x0800636c                _vfprintf_r
                0x0800636c                _vfiprintf_r
 .text._printf_common
                0x08006594       0xda R:/STM32/IDE/STM32CubeIDE_2.1.1/STM32CubeIDE/plugins/com.st.stm32cube.ide.mcu.externaltools.gnu-tools-for-stm32.14.3.rel1.win32_1.0.100.202602081740/tools/bin/../lib/gcc/arm-none-eabi/14.3.1/../../../../arm-none-eabi/lib/thumb/v7e-m+fp/hard\libc_nano.a(libc_a-nano-vfprintf_i.o)
                0x08006594                _printf_common
 *fill*         0x0800666e        0x2 
 .text._printf_i
                0x08006670      0x24c R:/STM32/IDE/STM32CubeIDE_2.1.1/STM32CubeIDE/plugins/com.st.stm32cube.ide.mcu.externaltools.gnu-tools-for-stm32.14.3.rel1.win32_1.0.100.202602081740/tools/bin/../lib/gcc/arm-none-eabi/14.3.1/../../../../arm-none-eabi/lib/thumb/v7e-m+fp/hard\libc_nano.a(libc_a-nano-vfprintf_i.o)
                0x08006670                _printf_i
 .text.__sflush_r
                0x080068bc      0x104 R:/STM32/IDE/STM32CubeIDE_2.1.1/STM32CubeIDE/plugins/com.st.stm32cube.ide.mcu.externaltools.gnu-tools-for-stm32.14.3.rel1.win32_1.0.100.202602081740/tools/bin/../lib/gcc/arm-none-eabi/14.3.1/../../../../arm-none-eabi/lib/thumb/v7e-m+fp/hard\libc_nano.a(libc_a-fflush.o)
                0x080068bc                __sflush_r
 .text._fflush_r
                0x080069c0       0x50 R:/STM32/IDE/STM32CubeIDE_2.1.1/STM32CubeIDE/plugins/com.st.stm32cube.ide.mcu.externaltools.gnu-tools-for-stm32.14.3.rel1.win32_1.0.100.202602081740/tools/bin/../lib/gcc/arm-none-eabi/14.3.1/../../../../arm-none-eabi/lib/thumb/v7e-m+fp/hard\libc_nano.a(libc_a-fflush.o)
                0x080069c0                _fflush_r
 .text.__swhatbuf_r
                0x08006a10       0x48 R:/STM32/IDE/STM32CubeIDE_2.1.1/STM32CubeIDE/plugins/com.st.stm32cube.ide.mcu.externaltools.gnu-tools-for-stm32.14.3.rel1.win32_1.0.100.202602081740/tools/bin/../lib/gcc/arm-none-eabi/14.3.1/../../../../arm-none-eabi/lib/thumb/v7e-m+fp/hard\libc_nano.a(libc_a-makebuf.o)
                0x08006a10                __swhatbuf_r
 .text.__smakebuf_r
                0x08006a58       0x72 R:/STM32/IDE/STM32CubeIDE_2.1.1/STM32CubeIDE/plugins/com.st.stm32cube.ide.mcu.externaltools.gnu-tools-for-stm32.14.3.rel1.win32_1.0.100.202602081740/tools/bin/../lib/gcc/arm-none-eabi/14.3.1/../../../../arm-none-eabi/lib/thumb/v7e-m+fp/hard\libc_nano.a(libc_a-makebuf.o)
                0x08006a58                __smakebuf_r
 .text.memmove  0x08006aca       0x32 R:/STM32/IDE/STM32CubeIDE_2.1.1/STM32CubeIDE/plugins/com.st.stm32cube.ide.mcu.externaltools.gnu-tools-for-stm32.14.3.rel1.win32_1.0.100.202602081740/tools/bin/../lib/gcc/arm-none-eabi/14.3.1/../../../../arm-none-eabi/lib/thumb/v7e-m+fp/hard\libc_nano.a(libc_a-memmove.o)
                0x08006aca                memmove
 .text._fstat_r
                0x08006afc       0x24 R:/STM32/IDE/STM32CubeIDE_2.1.1/STM32CubeIDE/plugins/com.st.stm32cube.ide.mcu.externaltools.gnu-tools-for-stm32.14.3.rel1.win32_1.0.100.202602081740/tools/bin/../lib/gcc/arm-none-eabi/14.3.1/../../../../arm-none-eabi/lib/thumb/v7e-m+fp/hard\libc_nano.a(libc_a-fstatr.o)
                0x08006afc                _fstat_r
 .text._isatty_r
                0x08006b20       0x20 R:/STM32/IDE/STM32CubeIDE_2.1.1/STM32CubeIDE/plugins/com.st.stm32cube.ide.mcu.externaltools.gnu-tools-for-stm32.14.3.rel1.win32_1.0.100.202602081740/tools/bin/../lib/gcc/arm-none-eabi/14.3.1/../../../../arm-none-eabi/lib/thumb/v7e-m+fp/hard\libc_nano.a(libc_a-isattyr.o)
                0x08006b20                _isatty_r
 .text.expf     0x08006b40       0x78 R:/STM32/IDE/STM32CubeIDE_2.1.1/STM32CubeIDE/plugins/com.st.stm32cube.ide.mcu.externaltools.gnu-tools-for-stm32.14.3.rel1.win32_1.0.100.202602081740/tools/bin/../lib/gcc/arm-none-eabi/14.3.1/../../../../arm-none-eabi/lib/thumb/v7e-m+fp/hard\libm.a(libm_a-wf_exp.o)
                0x08006b40                expf
 .text.finitef  0x08006bb8       0x14 R:/STM32/IDE/STM32CubeIDE_2.1.1/STM32CubeIDE/plugins/com.st.stm32cube.ide.mcu.externaltools.gnu-tools-for-stm32.14.3.rel1.win32_1.0.100.202602081740/tools/bin/../lib/gcc/arm-none-eabi/14.3.1/../../../../arm-none-eabi/lib/thumb/v7e-m+fp/hard\libm.a(libm_a-sf_finite.o)
                0x08006bb8                finitef
 .text.with_errnof
                0x08006bcc       0x1c R:/STM32/IDE/STM32CubeIDE_2.1.1/STM32CubeIDE/plugins/com.st.stm32cube.ide.mcu.externaltools.gnu-tools-for-stm32.14.3.rel1.win32_1.0.100.202602081740/tools/bin/../lib/gcc/arm-none-eabi/14.3.1/../../../../arm-none-eabi/lib/thumb/v7e-m+fp/hard\libm.a(libm_a-math_errf.o)
 .text.xflowf   0x08006be8       0x20 R:/STM32/IDE/STM32CubeIDE_2.1.1/STM32CubeIDE/plugins/com.st.stm32cube.ide.mcu.externaltools.gnu-tools-for-stm32.14.3.rel1.win32_1.0.100.202602081740/tools/bin/../lib/gcc/arm-none-eabi/14.3.1/../../../../arm-none-eabi/lib/thumb/v7e-m+fp/hard\libm.a(libm_a-math_errf.o)
 .text.__math_uflowf
                0x08006c08        0xc R:/STM32/IDE/STM32CubeIDE_2.1.1/STM32CubeIDE/plugins/com.st.stm32cube.ide.mcu.externaltools.gnu-tools-for-stm32.14.3.rel1.win32_1.0.100.202602081740/tools/bin/../lib/gcc/arm-none-eabi/14.3.1/../../../../arm-none-eabi/lib/thumb/v7e-m+fp/hard\libm.a(libm_a-math_errf.o)
                0x08006c08                __math_uflowf
 .text.__math_oflowf
                0x08006c14        0xc R:/STM32/IDE/STM32CubeIDE_2.1.1/STM32CubeIDE/plugins/com.st.stm32cube.ide.mcu.externaltools.gnu-tools-for-stm32.14.3.rel1.win32_1.0.100.202602081740/tools/bin/../lib/gcc/arm-none-eabi/14.3.1/../../../../arm-none-eabi/lib/thumb/v7e-m+fp/hard\libm.a(libm_a-math_errf.o)
                0x08006c14                __math_oflowf
 .text.__ieee754_expf
                0x08006c20      0x1e8 R:/STM32/IDE/STM32CubeIDE_2.1.1/STM32CubeIDE/plugins/com.st.stm32cube.ide.mcu.externaltools.gnu-tools-for-stm32.14.3.rel1.win32_1.0.100.202602081740/tools/bin/../lib/gcc/arm-none-eabi/14.3.1/../../../../arm-none-eabi/lib/thumb/v7e-m+fp/hard\libm.a(libm_a-ef_exp.o)
                0x08006c20                __ieee754_expf
 *(.glue_7)
 .glue_7        0x08006e08        0x0 linker stubs
 *(.glue_7t)
 .glue_7t       0x08006e08        0x0 linker stubs
 *(.eh_frame)
 .eh_frame      0x08006e08        0x0 R:/STM32/IDE/STM32CubeIDE_2.1.1/STM32CubeIDE/plugins/com.st.stm32cube.ide.mcu.externaltools.gnu-tools-for-stm32.14.3.rel1.win32_1.0.100.202602081740/tools/bin/../lib/gcc/arm-none-eabi/14.3.1/thumb/v7e-m+fp/hard/crtbegin.o
 *(.init)
 .init          0x08006e08        0x4 R:/STM32/IDE/STM32CubeIDE_2.1.1/STM32CubeIDE/plugins/com.st.stm32cube.ide.mcu.externaltools.gnu-tools-for-stm32.14.3.rel1.win32_1.0.100.202602081740/tools/bin/../lib/gcc/arm-none-eabi/14.3.1/thumb/v7e-m+fp/hard/crti.o
                0x08006e08                _init
 .init          0x08006e0c        0x8 R:/STM32/IDE/STM32CubeIDE_2.1.1/STM32CubeIDE/plugins/com.st.stm32cube.ide.mcu.externaltools.gnu-tools-for-stm32.14.3.rel1.win32_1.0.100.202602081740/tools/bin/../lib/gcc/arm-none-eabi/14.3.1/thumb/v7e-m+fp/hard/crtn.o
 *(.fini)
 .fini          0x08006e14        0x4 R:/STM32/IDE/STM32CubeIDE_2.1.1/STM32CubeIDE/plugins/com.st.stm32cube.ide.mcu.externaltools.gnu-tools-for-stm32.14.3.rel1.win32_1.0.100.202602081740/tools/bin/../lib/gcc/arm-none-eabi/14.3.1/thumb/v7e-m+fp/hard/crti.o
                0x08006e14                _fini
 .fini          0x08006e18        0x8 R:/STM32/IDE/STM32CubeIDE_2.1.1/STM32CubeIDE/plugins/com.st.stm32cube.ide.mcu.externaltools.gnu-tools-for-stm32.14.3.rel1.win32_1.0.100.202602081740/tools/bin/../lib/gcc/arm-none-eabi/14.3.1/thumb/v7e-m+fp/hard/crtn.o
                0x08006e20                        . = ALIGN (0x4)
                0x08006e20                        _etext = .

.vfp11_veneer   0x08006e20        0x0
 .vfp11_veneer  0x08006e20        0x0 linker stubs

.v4_bx          0x08006e20        0x0
 .v4_bx         0x08006e20        0x0 linker stubs

.iplt           0x08006e20        0x0
 .iplt          0x08006e20        0x0 R:/STM32/IDE/STM32CubeIDE_2.1.1/STM32CubeIDE/plugins/com.st.stm32cube.ide.mcu.externaltools.gnu-tools-for-stm32.14.3.rel1.win32_1.0.100.202602081740/tools/bin/../lib/gcc/arm-none-eabi/14.3.1/thumb/v7e-m+fp/hard/crtbegin.o

.rodata         0x08006e20     0x162c
                0x08006e20                        . = ALIGN (0x4)
 *(.rodata)
 .rodata        0x08006e20       0x96 ./Core/Src/main.o
 *fill*         0x08006eb6        0x2 
 .rodata        0x08006eb8       0xc3 ./X-CUBE-AI/App/app_x-cube-ai.o
 *fill*         0x08006f7b        0x1 
 .rodata        0x08006f7c       0x30 ./X-CUBE-AI/App/network_data.o
 *(.rodata*)
 .rodata.AHBPrescTable
                0x08006fac       0x10 ./Core/Src/system_stm32f4xx.o
                0x08006fac                AHBPrescTable
 .rodata.APBPrescTable
                0x08006fbc        0x8 ./Core/Src/system_stm32f4xx.o
                0x08006fbc                APBPrescTable
 .rodata.nl_4_chain
                0x08006fc4        0x8 ./X-CUBE-AI/App/network.o
 .rodata.gemm_3_chain
                0x08006fcc        0x8 ./X-CUBE-AI/App/network.o
 .rodata.nl_2_nl_chain
                0x08006fd4        0x8 ./X-CUBE-AI/App/network.o
 .rodata.gemm_2_chain
                0x08006fdc        0x8 ./X-CUBE-AI/App/network.o
 .rodata.nl_1_nl_chain
                0x08006fe4        0x8 ./X-CUBE-AI/App/network.o
 .rodata.gemm_1_chain
                0x08006fec        0x8 ./X-CUBE-AI/App/network.o
 .rodata.nl_0_nl_chain
                0x08006ff4        0x8 ./X-CUBE-AI/App/network.o
 .rodata.gemm_0_chain
                0x08006ffc        0x8 ./X-CUBE-AI/App/network.o
 *fill*         0x08007004       0x1c 
 .rodata.s_network_weights_array_u64
                0x08007020     0x13e0 ./X-CUBE-AI/App/network_data_params.o
                0x08007020                s_network_weights_array_u64
 .rodata._svfprintf_r.str1.1
                0x08008400       0x33 R:/STM32/IDE/STM32CubeIDE_2.1.1/STM32CubeIDE/plugins/com.st.stm32cube.ide.mcu.externaltools.gnu-tools-for-stm32.14.3.rel1.win32_1.0.100.202602081740/tools/bin/../lib/gcc/arm-none-eabi/14.3.1/../../../../arm-none-eabi/lib/thumb/v7e-m+fp/hard\libc_nano.a(libc_a-nano-svfprintf.o)
                                 0x11 (size before relaxing)
 .rodata._vfprintf_r.str1.1
                0x08008433       0x11 R:/STM32/IDE/STM32CubeIDE_2.1.1/STM32CubeIDE/plugins/com.st.stm32cube.ide.mcu.externaltools.gnu-tools-for-stm32.14.3.rel1.win32_1.0.100.202602081740/tools/bin/../lib/gcc/arm-none-eabi/14.3.1/../../../../arm-none-eabi/lib/thumb/v7e-m+fp/hard\libc_nano.a(libc_a-nano-vfprintf.o)
 .rodata._printf_i.str1.1
                0x08008433       0x22 R:/STM32/IDE/STM32CubeIDE_2.1.1/STM32CubeIDE/plugins/com.st.stm32cube.ide.mcu.externaltools.gnu-tools-for-stm32.14.3.rel1.win32_1.0.100.202602081740/tools/bin/../lib/gcc/arm-none-eabi/14.3.1/../../../../arm-none-eabi/lib/thumb/v7e-m+fp/hard\libc_nano.a(libc_a-nano-vfprintf_i.o)
 *fill*         0x08008433        0x1 
 .rodata.ln2LO  0x08008434        0x8 R:/STM32/IDE/STM32CubeIDE_2.1.1/STM32CubeIDE/plugins/com.st.stm32cube.ide.mcu.externaltools.gnu-tools-for-stm32.14.3.rel1.win32_1.0.100.202602081740/tools/bin/../lib/gcc/arm-none-eabi/14.3.1/../../../../arm-none-eabi/lib/thumb/v7e-m+fp/hard\libm.a(libm_a-ef_exp.o)
 .rodata.ln2HI  0x0800843c        0x8 R:/STM32/IDE/STM32CubeIDE_2.1.1/STM32CubeIDE/plugins/com.st.stm32cube.ide.mcu.externaltools.gnu-tools-for-stm32.14.3.rel1.win32_1.0.100.202602081740/tools/bin/../lib/gcc/arm-none-eabi/14.3.1/../../../../arm-none-eabi/lib/thumb/v7e-m+fp/hard\libm.a(libm_a-ef_exp.o)
 .rodata.halF   0x08008444        0x8 R:/STM32/IDE/STM32CubeIDE_2.1.1/STM32CubeIDE/plugins/com.st.stm32cube.ide.mcu.externaltools.gnu-tools-for-stm32.14.3.rel1.win32_1.0.100.202602081740/tools/bin/../lib/gcc/arm-none-eabi/14.3.1/../../../../arm-none-eabi/lib/thumb/v7e-m+fp/hard\libm.a(libm_a-ef_exp.o)
                0x0800844c                        . = ALIGN (0x4)

.ARM.extab      0x0800844c        0x0
                0x0800844c                        . = ALIGN (0x4)
 *(.ARM.extab* .gnu.linkonce.armextab.*)
                0x0800844c                        . = ALIGN (0x4)

.ARM            0x0800844c        0x8
                0x0800844c                        . = ALIGN (0x4)
                0x0800844c                        __exidx_start = .
 *(.ARM.exidx*)
 .ARM.exidx     0x0800844c        0x8 R:/STM32/IDE/STM32CubeIDE_2.1.1/STM32CubeIDE/plugins/com.st.stm32cube.ide.mcu.externaltools.gnu-tools-for-stm32.14.3.rel1.win32_1.0.100.202602081740/tools/bin/../lib/gcc/arm-none-eabi/14.3.1/../../../../arm-none-eabi/lib/thumb/v7e-m+fp/hard\libc_nano.a(libc_a-strlen.o)
 .ARM.exidx     0x08008454        0x0 R:/STM32/IDE/STM32CubeIDE_2.1.1/STM32CubeIDE/plugins/com.st.stm32cube.ide.mcu.externaltools.gnu-tools-for-stm32.14.3.rel1.win32_1.0.100.202602081740/tools/bin/../lib/gcc/arm-none-eabi/14.3.1/../../../../arm-none-eabi/lib/thumb/v7e-m+fp/hard\libc_nano.a(libc_a-memchr.o)
                                  0x8 (size before relaxing)
 .ARM.exidx     0x08008454        0x0 R:/STM32/IDE/STM32CubeIDE_2.1.1/STM32CubeIDE/plugins/com.st.stm32cube.ide.mcu.externaltools.gnu-tools-for-stm32.14.3.rel1.win32_1.0.100.202602081740/tools/bin/../lib/gcc/arm-none-eabi/14.3.1/thumb/v7e-m+fp/hard\libgcc.a(_udivmoddi4.o)
                                  0x8 (size before relaxing)
                0x08008454                        __exidx_end = .
                0x08008454                        . = ALIGN (0x4)

.preinit_array  0x08008454        0x0
                0x08008454                        . = ALIGN (0x4)
                0x08008454                        PROVIDE (__preinit_array_start = .)
 *(.preinit_array*)
                0x08008454                        PROVIDE (__preinit_array_end = .)
                0x08008454                        . = ALIGN (0x4)

.init_array     0x08008454        0x4
                0x08008454                        . = ALIGN (0x4)
                0x08008454                        PROVIDE (__init_array_start = .)
 *(SORT_BY_NAME(.init_array.*))
 *(.init_array*)
 .init_array    0x08008454        0x4 R:/STM32/IDE/STM32CubeIDE_2.1.1/STM32CubeIDE/plugins/com.st.stm32cube.ide.mcu.externaltools.gnu-tools-for-stm32.14.3.rel1.win32_1.0.100.202602081740/tools/bin/../lib/gcc/arm-none-eabi/14.3.1/thumb/v7e-m+fp/hard/crtbegin.o
                0x08008458                        PROVIDE (__init_array_end = .)
                0x08008458                        . = ALIGN (0x4)

.fini_array     0x08008458        0x4
                0x08008458                        . = ALIGN (0x4)
                [!provide]                        PROVIDE (__fini_array_start = .)
 *(SORT_BY_NAME(.fini_array.*))
 *(.fini_array*)
 .fini_array    0x08008458        0x4 R:/STM32/IDE/STM32CubeIDE_2.1.1/STM32CubeIDE/plugins/com.st.stm32cube.ide.mcu.externaltools.gnu-tools-for-stm32.14.3.rel1.win32_1.0.100.202602081740/tools/bin/../lib/gcc/arm-none-eabi/14.3.1/thumb/v7e-m+fp/hard/crtbegin.o
                [!provide]                        PROVIDE (__fini_array_end = .)
                0x0800845c                        . = ALIGN (0x4)
                0x0800845c                        _sidata = LOADADDR (.data)

.rel.dyn        0x0800845c        0x0
 .rel.iplt      0x0800845c        0x0 R:/STM32/IDE/STM32CubeIDE_2.1.1/STM32CubeIDE/plugins/com.st.stm32cube.ide.mcu.externaltools.gnu-tools-for-stm32.14.3.rel1.win32_1.0.100.202602081740/tools/bin/../lib/gcc/arm-none-eabi/14.3.1/thumb/v7e-m+fp/hard/crtbegin.o

.data           0x20000000      0x99c load address 0x0800845c
                0x20000000                        . = ALIGN (0x4)
                0x20000000                        _sdata = .
 *(.data)
 *(.data*)
 .data.state_names
                0x20000000       0x1c ./Core/Src/main.o
                0x20000000                state_names
 .data.SystemCoreClock
                0x2000001c        0x4 ./Core/Src/system_stm32f4xx.o
                0x2000001c                SystemCoreClock
 .data.uwTickPrio
                0x20000020        0x4 ./Drivers/STM32F4xx_HAL_Driver/Src/stm32f4xx_hal.o
                0x20000020                uwTickPrio
 .data.uwTickFreq
                0x20000024        0x1 ./Drivers/STM32F4xx_HAL_Driver/Src/stm32f4xx_hal.o
                0x20000024                uwTickFreq
 *fill*         0x20000025        0x3 
 .data.data_activations0
                0x20000028        0x4 ./X-CUBE-AI/App/app_x-cube-ai.o
                0x20000028                data_activations0
 .data.serving_default_keras_tensor0_output_array
                0x2000002c       0x10 ./X-CUBE-AI/App/network.o
 .data.gemm_0_output_array
                0x2000003c       0x10 ./X-CUBE-AI/App/network.o
 .data.nl_0_nl_output_array
                0x2000004c       0x10 ./X-CUBE-AI/App/network.o
 .data.gemm_1_output_array
                0x2000005c       0x10 ./X-CUBE-AI/App/network.o
 .data.nl_1_nl_output_array
                0x2000006c       0x10 ./X-CUBE-AI/App/network.o
 .data.gemm_2_output_array
                0x2000007c       0x10 ./X-CUBE-AI/App/network.o
 .data.nl_2_nl_output_array
                0x2000008c       0x10 ./X-CUBE-AI/App/network.o
 .data.gemm_3_output_array
                0x2000009c       0x10 ./X-CUBE-AI/App/network.o
 .data.nl_4_output_array
                0x200000ac       0x10 ./X-CUBE-AI/App/network.o
 .data.gemm_0_weights_array
                0x200000bc       0x10 ./X-CUBE-AI/App/network.o
 .data.gemm_0_bias_array
                0x200000cc       0x10 ./X-CUBE-AI/App/network.o
 .data.gemm_1_weights_array
                0x200000dc       0x10 ./X-CUBE-AI/App/network.o
 .data.gemm_1_bias_array
                0x200000ec       0x10 ./X-CUBE-AI/App/network.o
 .data.gemm_2_weights_array
                0x200000fc       0x10 ./X-CUBE-AI/App/network.o
 .data.gemm_2_bias_array
                0x2000010c       0x10 ./X-CUBE-AI/App/network.o
 .data.gemm_3_weights_array
                0x2000011c       0x10 ./X-CUBE-AI/App/network.o
 .data.gemm_3_bias_array
                0x2000012c       0x10 ./X-CUBE-AI/App/network.o
 .data.__compound_literal.0
                0x2000013c       0x10 ./X-CUBE-AI/App/network.o
 .data.__compound_literal.1
                0x2000014c       0x10 ./X-CUBE-AI/App/network.o
 .data.gemm_0_bias
                0x2000015c       0x1c ./X-CUBE-AI/App/network.o
 .data.__compound_literal.2
                0x20000178       0x10 ./X-CUBE-AI/App/network.o
 .data.__compound_literal.3
                0x20000188       0x10 ./X-CUBE-AI/App/network.o
 .data.gemm_0_output
                0x20000198       0x1c ./X-CUBE-AI/App/network.o
 .data.__compound_literal.4
                0x200001b4       0x10 ./X-CUBE-AI/App/network.o
 .data.__compound_literal.5
                0x200001c4       0x10 ./X-CUBE-AI/App/network.o
 .data.gemm_0_weights
                0x200001d4       0x1c ./X-CUBE-AI/App/network.o
 .data.__compound_literal.6
                0x200001f0       0x10 ./X-CUBE-AI/App/network.o
 .data.__compound_literal.7
                0x20000200       0x10 ./X-CUBE-AI/App/network.o
 .data.gemm_1_bias
                0x20000210       0x1c ./X-CUBE-AI/App/network.o
 .data.__compound_literal.8
                0x2000022c       0x10 ./X-CUBE-AI/App/network.o
 .data.__compound_literal.9
                0x2000023c       0x10 ./X-CUBE-AI/App/network.o
 .data.gemm_1_output
                0x2000024c       0x1c ./X-CUBE-AI/App/network.o
 .data.__compound_literal.10
                0x20000268       0x10 ./X-CUBE-AI/App/network.o
 .data.__compound_literal.11
                0x20000278       0x10 ./X-CUBE-AI/App/network.o
 .data.gemm_1_weights
                0x20000288       0x1c ./X-CUBE-AI/App/network.o
 .data.__compound_literal.12
                0x200002a4       0x10 ./X-CUBE-AI/App/network.o
 .data.__compound_literal.13
                0x200002b4       0x10 ./X-CUBE-AI/App/network.o
 .data.gemm_2_bias
                0x200002c4       0x1c ./X-CUBE-AI/App/network.o
 .data.__compound_literal.14
                0x200002e0       0x10 ./X-CUBE-AI/App/network.o
 .data.__compound_literal.15
                0x200002f0       0x10 ./X-CUBE-AI/App/network.o
 .data.gemm_2_output
                0x20000300       0x1c ./X-CUBE-AI/App/network.o
 .data.__compound_literal.16
                0x2000031c       0x10 ./X-CUBE-AI/App/network.o
 .data.__compound_literal.17
                0x2000032c       0x10 ./X-CUBE-AI/App/network.o
 .data.gemm_2_weights
                0x2000033c       0x1c ./X-CUBE-AI/App/network.o
 .data.__compound_literal.18
                0x20000358       0x10 ./X-CUBE-AI/App/network.o
 .data.__compound_literal.19
                0x20000368       0x10 ./X-CUBE-AI/App/network.o
 .data.gemm_3_bias
                0x20000378       0x1c ./X-CUBE-AI/App/network.o
 .data.__compound_literal.20
                0x20000394       0x10 ./X-CUBE-AI/App/network.o
 .data.__compound_literal.21
                0x200003a4       0x10 ./X-CUBE-AI/App/network.o
 .data.gemm_3_output
                0x200003b4       0x1c ./X-CUBE-AI/App/network.o
 .data.__compound_literal.22
                0x200003d0       0x10 ./X-CUBE-AI/App/network.o
 .data.__compound_literal.23
                0x200003e0       0x10 ./X-CUBE-AI/App/network.o
 .data.gemm_3_weights
                0x200003f0       0x1c ./X-CUBE-AI/App/network.o
 .data.__compound_literal.24
                0x2000040c       0x10 ./X-CUBE-AI/App/network.o
 .data.__compound_literal.25
                0x2000041c       0x10 ./X-CUBE-AI/App/network.o
 .data.nl_0_nl_output
                0x2000042c       0x1c ./X-CUBE-AI/App/network.o
 .data.__compound_literal.26
                0x20000448       0x10 ./X-CUBE-AI/App/network.o
 .data.__compound_literal.27
                0x20000458       0x10 ./X-CUBE-AI/App/network.o
 .data.nl_1_nl_output
                0x20000468       0x1c ./X-CUBE-AI/App/network.o
 .data.__compound_literal.28
                0x20000484       0x10 ./X-CUBE-AI/App/network.o
 .data.__compound_literal.29
                0x20000494       0x10 ./X-CUBE-AI/App/network.o
 .data.nl_2_nl_output
                0x200004a4       0x1c ./X-CUBE-AI/App/network.o
 .data.__compound_literal.30
                0x200004c0       0x10 ./X-CUBE-AI/App/network.o
 .data.__compound_literal.31
                0x200004d0       0x10 ./X-CUBE-AI/App/network.o
 .data.nl_4_output
                0x200004e0       0x1c ./X-CUBE-AI/App/network.o
 .data.__compound_literal.32
                0x200004fc       0x10 ./X-CUBE-AI/App/network.o
 .data.__compound_literal.33
                0x2000050c       0x10 ./X-CUBE-AI/App/network.o
 .data.serving_default_keras_tensor0_output
                0x2000051c       0x1c ./X-CUBE-AI/App/network.o
 .data.__compound_literal.34
                0x20000538        0x4 ./X-CUBE-AI/App/network.o
 .data.__compound_literal.35
                0x2000053c        0x4 ./X-CUBE-AI/App/network.o
 .data.__compound_literal.38
                0x20000540       0x30 ./X-CUBE-AI/App/network.o
 .data.nl_4_layer
                0x20000570       0x24 ./X-CUBE-AI/App/network.o
 .data.__compound_literal.39
                0x20000594        0x4 ./X-CUBE-AI/App/network.o
 .data.__compound_literal.40
                0x20000598        0x4 ./X-CUBE-AI/App/network.o
 .data.__compound_literal.41
                0x2000059c        0x8 ./X-CUBE-AI/App/network.o
 .data.__compound_literal.43
                0x200005a4       0x30 ./X-CUBE-AI/App/network.o
 .data.gemm_3_layer
                0x200005d4       0x1c ./X-CUBE-AI/App/network.o
 .data.__compound_literal.44
                0x200005f0        0x4 ./X-CUBE-AI/App/network.o
 .data.__compound_literal.45
                0x200005f4        0x4 ./X-CUBE-AI/App/network.o
 .data.__compound_literal.48
                0x200005f8       0x30 ./X-CUBE-AI/App/network.o
 .data.nl_2_nl_layer
                0x20000628       0x20 ./X-CUBE-AI/App/network.o
 .data.__compound_literal.49
                0x20000648        0x4 ./X-CUBE-AI/App/network.o
 .data.__compound_literal.50
                0x2000064c        0x4 ./X-CUBE-AI/App/network.o
 .data.__compound_literal.51
                0x20000650        0x8 ./X-CUBE-AI/App/network.o
 .data.__compound_literal.53
                0x20000658       0x30 ./X-CUBE-AI/App/network.o
 .data.gemm_2_layer
                0x20000688       0x1c ./X-CUBE-AI/App/network.o
 .data.__compound_literal.54
                0x200006a4        0x4 ./X-CUBE-AI/App/network.o
 .data.__compound_literal.55
                0x200006a8        0x4 ./X-CUBE-AI/App/network.o
 .data.__compound_literal.58
                0x200006ac       0x30 ./X-CUBE-AI/App/network.o
 .data.nl_1_nl_layer
                0x200006dc       0x20 ./X-CUBE-AI/App/network.o
 .data.__compound_literal.59
                0x200006fc        0x4 ./X-CUBE-AI/App/network.o
 .data.__compound_literal.60
                0x20000700        0x4 ./X-CUBE-AI/App/network.o
 .data.__compound_literal.61
                0x20000704        0x8 ./X-CUBE-AI/App/network.o
 .data.__compound_literal.63
                0x2000070c       0x30 ./X-CUBE-AI/App/network.o
 .data.gemm_1_layer
                0x2000073c       0x1c ./X-CUBE-AI/App/network.o
 .data.__compound_literal.64
                0x20000758        0x4 ./X-CUBE-AI/App/network.o
 .data.__compound_literal.65
                0x2000075c        0x4 ./X-CUBE-AI/App/network.o
 .data.__compound_literal.68
                0x20000760       0x30 ./X-CUBE-AI/App/network.o
 .data.nl_0_nl_layer
                0x20000790       0x20 ./X-CUBE-AI/App/network.o
 .data.__compound_literal.69
                0x200007b0        0x4 ./X-CUBE-AI/App/network.o
 .data.__compound_literal.70
                0x200007b4        0x4 ./X-CUBE-AI/App/network.o
 .data.__compound_literal.71
                0x200007b8        0x8 ./X-CUBE-AI/App/network.o
 .data.__compound_literal.73
                0x200007c0       0x30 ./X-CUBE-AI/App/network.o
 .data.gemm_0_layer
                0x200007f0       0x1c ./X-CUBE-AI/App/network.o
 .data.__compound_literal.74
                0x2000080c       0x10 ./X-CUBE-AI/App/network.o
 .data.__compound_literal.75
                0x2000081c       0x1c ./X-CUBE-AI/App/network.o
 .data.__compound_literal.76
                0x20000838       0x10 ./X-CUBE-AI/App/network.o
 .data.__compound_literal.77
                0x20000848       0x1c ./X-CUBE-AI/App/network.o
 .data.__compound_literal.78
                0x20000864        0x4 ./X-CUBE-AI/App/network.o
 .data.__compound_literal.82
                0x20000868        0xc ./X-CUBE-AI/App/network.o
 .data.__compound_literal.83
                0x20000874        0x4 ./X-CUBE-AI/App/network.o
 .data.__compound_literal.87
                0x20000878        0xc ./X-CUBE-AI/App/network.o
 .data.__compound_literal.88
                0x20000884       0x18 ./X-CUBE-AI/App/network.o
 .data.g_network
                0x2000089c       0x4c ./X-CUBE-AI/App/network.o
 .data.__compound_literal.0
                0x200008e8       0x10 ./X-CUBE-AI/App/network_data.o
 .data.g_network_data_map_activations
                0x200008f8       0x1c ./X-CUBE-AI/App/network_data.o
                0x200008f8                g_network_data_map_activations
 .data.__compound_literal.1
                0x20000914       0x10 ./X-CUBE-AI/App/network_data.o
 .data.g_network_data_map_weights
                0x20000924       0x1c ./X-CUBE-AI/App/network_data.o
                0x20000924                g_network_data_map_weights
 .data.__sglue  0x20000940        0xc R:/STM32/IDE/STM32CubeIDE_2.1.1/STM32CubeIDE/plugins/com.st.stm32cube.ide.mcu.externaltools.gnu-tools-for-stm32.14.3.rel1.win32_1.0.100.202602081740/tools/bin/../lib/gcc/arm-none-eabi/14.3.1/../../../../arm-none-eabi/lib/thumb/v7e-m+fp/hard\libc_nano.a(libc_a-findfp.o)
                0x20000940                __sglue
 .data._impure_ptr
                0x2000094c        0x4 R:/STM32/IDE/STM32CubeIDE_2.1.1/STM32CubeIDE/plugins/com.st.stm32cube.ide.mcu.externaltools.gnu-tools-for-stm32.14.3.rel1.win32_1.0.100.202602081740/tools/bin/../lib/gcc/arm-none-eabi/14.3.1/../../../../arm-none-eabi/lib/thumb/v7e-m+fp/hard\libc_nano.a(libc_a-impure.o)
                0x2000094c                _impure_ptr
 .data._impure_data
                0x20000950       0x4c R:/STM32/IDE/STM32CubeIDE_2.1.1/STM32CubeIDE/plugins/com.st.stm32cube.ide.mcu.externaltools.gnu-tools-for-stm32.14.3.rel1.win32_1.0.100.202602081740/tools/bin/../lib/gcc/arm-none-eabi/14.3.1/../../../../arm-none-eabi/lib/thumb/v7e-m+fp/hard\libc_nano.a(libc_a-impure.o)
                0x20000950                _impure_data
 *(.RamFunc)
 *(.RamFunc*)
                0x2000099c                        . = ALIGN (0x4)
                0x2000099c                        _edata = .
                0x08008df8                        _siccmram = LOADADDR (.ccmram)

.igot.plt       0x2000099c        0x0 load address 0x08008df8
 .igot.plt      0x2000099c        0x0 R:/STM32/IDE/STM32CubeIDE_2.1.1/STM32CubeIDE/plugins/com.st.stm32cube.ide.mcu.externaltools.gnu-tools-for-stm32.14.3.rel1.win32_1.0.100.202602081740/tools/bin/../lib/gcc/arm-none-eabi/14.3.1/thumb/v7e-m+fp/hard/crtbegin.o

.ccmram         0x10000000        0x0 load address 0x08008df8
                0x10000000                        . = ALIGN (0x4)
                0x10000000                        _sccmram = .
 *(.ccmram)
 *(.ccmram*)
                0x10000000                        . = ALIGN (0x4)
                0x10000000                        _eccmram = .
                0x10000000                        . = ALIGN (0x4)

.bss            0x200009a0      0x478
                0x200009a0                        _sbss = .
                0x200009a0                        __bss_start__ = _sbss
 *(.bss)
 .bss           0x200009a0       0x1c R:/STM32/IDE/STM32CubeIDE_2.1.1/STM32CubeIDE/plugins/com.st.stm32cube.ide.mcu.externaltools.gnu-tools-for-stm32.14.3.rel1.win32_1.0.100.202602081740/tools/bin/../lib/gcc/arm-none-eabi/14.3.1/thumb/v7e-m+fp/hard/crtbegin.o
 *(.bss*)
 .bss.hi2c1     0x200009bc       0x54 ./Core/Src/main.o
                0x200009bc                hi2c1
 .bss.huart2    0x20000a10       0x48 ./Core/Src/main.o
                0x20000a10                huart2
 .bss.mpu_data  0x20000a58        0x6 ./Core/Src/main.o
                0x20000a58                mpu_data
 *fill*         0x20000a5e        0x2 
 .bss.ina_data  0x20000a60        0x2 ./Core/Src/main.o
                0x20000a60                ina_data
 *fill*         0x20000a62        0x2 
 .bss.accel_g_x
                0x20000a64        0x4 ./Core/Src/main.o
                0x20000a64                accel_g_x
 .bss.accel_g_y
                0x20000a68        0x4 ./Core/Src/main.o
                0x20000a68                accel_g_y
 .bss.accel_g_z
                0x20000a6c        0x4 ./Core/Src/main.o
                0x20000a6c                accel_g_z
 .bss.current_raw
                0x20000a70        0x2 ./Core/Src/main.o
                0x20000a70                current_raw
 *fill*         0x20000a72        0x2 
 .bss.current_mA
                0x20000a74        0x4 ./Core/Src/main.o
                0x20000a74                current_mA
 .bss.prediction_window
                0x20000a78       0x32 ./Core/Src/main.o
                0x20000a78                prediction_window
 *fill*         0x20000aaa        0x2 
 .bss.window_idx
                0x20000aac        0x4 ./Core/Src/main.o
                0x20000aac                window_idx
 .bss.uart_buf  0x20000ab0       0x80 ./Core/Src/main.o
                0x20000ab0                uart_buf
 .bss.__sbrk_heap_end
                0x20000b30        0x4 ./Core/Src/sysmem.o
 .bss.uwTick    0x20000b34        0x4 ./Drivers/STM32F4xx_HAL_Driver/Src/stm32f4xx_hal.o
                0x20000b34                uwTick
 .bss.probability
                0x20000b38       0x1c ./X-CUBE-AI/App/app_x-cube-ai.o
                0x20000b38                probability
 .bss.prediction
                0x20000b54        0x1 ./X-CUBE-AI/App/app_x-cube-ai.o
                0x20000b54                prediction
 *fill*         0x20000b55        0x3 
 .bss.data_ins  0x20000b58        0x4 ./X-CUBE-AI/App/app_x-cube-ai.o
                0x20000b58                data_ins
 .bss.data_outs
                0x20000b5c        0x4 ./X-CUBE-AI/App/app_x-cube-ai.o
                0x20000b5c                data_outs
 .bss.pool0     0x20000b60       0xc0 ./X-CUBE-AI/App/app_x-cube-ai.o
 .bss.network   0x20000c20        0x4 ./X-CUBE-AI/App/app_x-cube-ai.o
 .bss.ai_input  0x20000c24        0x4 ./X-CUBE-AI/App/app_x-cube-ai.o
 .bss.ai_output
                0x20000c28        0x4 ./X-CUBE-AI/App/app_x-cube-ai.o
 .bss.g_network_activations_map
                0x20000c2c        0x4 ./X-CUBE-AI/App/network.o
 .bss.g_network_weights_map
                0x20000c30        0x4 ./X-CUBE-AI/App/network.o
 .bss.__compound_literal.36
                0x20000c34        0x4 ./X-CUBE-AI/App/network.o
 .bss.__compound_literal.37
                0x20000c38        0x4 ./X-CUBE-AI/App/network.o
 .bss.__compound_literal.42
                0x20000c3c        0x4 ./X-CUBE-AI/App/network.o
 .bss.__compound_literal.46
                0x20000c40        0x4 ./X-CUBE-AI/App/network.o
 .bss.__compound_literal.47
                0x20000c44        0x4 ./X-CUBE-AI/App/network.o
 .bss.__compound_literal.52
                0x20000c48        0x4 ./X-CUBE-AI/App/network.o
 .bss.__compound_literal.56
                0x20000c4c        0x4 ./X-CUBE-AI/App/network.o
 .bss.__compound_literal.57
                0x20000c50        0x4 ./X-CUBE-AI/App/network.o
 .bss.__compound_literal.62
                0x20000c54        0x4 ./X-CUBE-AI/App/network.o
 .bss.__compound_literal.66
                0x20000c58        0x4 ./X-CUBE-AI/App/network.o
 .bss.__compound_literal.67
                0x20000c5c        0x4 ./X-CUBE-AI/App/network.o
 .bss.__compound_literal.72
                0x20000c60        0x4 ./X-CUBE-AI/App/network.o
 .bss.__compound_literal.79
                0x20000c64       0x1c ./X-CUBE-AI/App/network.o
 .bss.__compound_literal.80
                0x20000c80       0x10 ./X-CUBE-AI/App/network.o
 .bss.__compound_literal.81
                0x20000c90        0x8 ./X-CUBE-AI/App/network.o
 .bss.__compound_literal.84
                0x20000c98       0x1c ./X-CUBE-AI/App/network.o
 .bss.__compound_literal.85
                0x20000cb4       0x10 ./X-CUBE-AI/App/network.o
 .bss.__compound_literal.86
                0x20000cc4        0x8 ./X-CUBE-AI/App/network.o
 .bss.__malloc_sbrk_start
                0x20000ccc        0x4 R:/STM32/IDE/STM32CubeIDE_2.1.1/STM32CubeIDE/plugins/com.st.stm32cube.ide.mcu.externaltools.gnu-tools-for-stm32.14.3.rel1.win32_1.0.100.202602081740/tools/bin/../lib/gcc/arm-none-eabi/14.3.1/../../../../arm-none-eabi/lib/thumb/v7e-m+fp/hard\libc_nano.a(libc_a-mallocr.o)
                0x20000ccc                __malloc_sbrk_start
 .bss.__malloc_free_list
                0x20000cd0        0x4 R:/STM32/IDE/STM32CubeIDE_2.1.1/STM32CubeIDE/plugins/com.st.stm32cube.ide.mcu.externaltools.gnu-tools-for-stm32.14.3.rel1.win32_1.0.100.202602081740/tools/bin/../lib/gcc/arm-none-eabi/14.3.1/../../../../arm-none-eabi/lib/thumb/v7e-m+fp/hard\libc_nano.a(libc_a-mallocr.o)
                0x20000cd0                __malloc_free_list
 .bss.__sf      0x20000cd4      0x138 R:/STM32/IDE/STM32CubeIDE_2.1.1/STM32CubeIDE/plugins/com.st.stm32cube.ide.mcu.externaltools.gnu-tools-for-stm32.14.3.rel1.win32_1.0.100.202602081740/tools/bin/../lib/gcc/arm-none-eabi/14.3.1/../../../../arm-none-eabi/lib/thumb/v7e-m+fp/hard\libc_nano.a(libc_a-findfp.o)
                0x20000cd4                __sf
 .bss.__stdio_exit_handler
                0x20000e0c        0x4 R:/STM32/IDE/STM32CubeIDE_2.1.1/STM32CubeIDE/plugins/com.st.stm32cube.ide.mcu.externaltools.gnu-tools-for-stm32.14.3.rel1.win32_1.0.100.202602081740/tools/bin/../lib/gcc/arm-none-eabi/14.3.1/../../../../arm-none-eabi/lib/thumb/v7e-m+fp/hard\libc_nano.a(libc_a-findfp.o)
                0x20000e0c                __stdio_exit_handler
 .bss.errno     0x20000e10        0x4 R:/STM32/IDE/STM32CubeIDE_2.1.1/STM32CubeIDE/plugins/com.st.stm32cube.ide.mcu.externaltools.gnu-tools-for-stm32.14.3.rel1.win32_1.0.100.202602081740/tools/bin/../lib/gcc/arm-none-eabi/14.3.1/../../../../arm-none-eabi/lib/thumb/v7e-m+fp/hard\libc_nano.a(libc_a-reent.o)
                0x20000e10                errno
 .bss.__lock___malloc_recursive_mutex
                0x20000e14        0x1 R:/STM32/IDE/STM32CubeIDE_2.1.1/STM32CubeIDE/plugins/com.st.stm32cube.ide.mcu.externaltools.gnu-tools-for-stm32.14.3.rel1.win32_1.0.100.202602081740/tools/bin/../lib/gcc/arm-none-eabi/14.3.1/../../../../arm-none-eabi/lib/thumb/v7e-m+fp/hard\libc_nano.a(libc_a-lock.o)
                0x20000e14                __lock___malloc_recursive_mutex
 .bss.__lock___sfp_recursive_mutex
                0x20000e15        0x1 R:/STM32/IDE/STM32CubeIDE_2.1.1/STM32CubeIDE/plugins/com.st.stm32cube.ide.mcu.externaltools.gnu-tools-for-stm32.14.3.rel1.win32_1.0.100.202602081740/tools/bin/../lib/gcc/arm-none-eabi/14.3.1/../../../../arm-none-eabi/lib/thumb/v7e-m+fp/hard\libc_nano.a(libc_a-lock.o)
                0x20000e15                __lock___sfp_recursive_mutex
 *(COMMON)
                0x20000e18                        . = ALIGN (0x4)
 *fill*         0x20000e16        0x2 
                0x20000e18                        _ebss = .
                0x20000e18                        __bss_end__ = _ebss

._user_heap_stack
                0x20000e18     0x1000
                0x20000e18                        . = ALIGN (0x8)
                [!provide]                        PROVIDE (end = .)
                0x20000e18                        PROVIDE (_end = .)
                0x20001618                        . = (. + _Min_Heap_Size)
 *fill*         0x20000e18      0x800 
                0x20001e18                        . = (. + _Min_Stack_Size)
 *fill*         0x20001618      0x800 
                0x20001e18                        . = ALIGN (0x8)

/DISCARD/
 libc.a(*)
 libm.a(*)
 libgcc.a(*)

.ARM.attributes
                0x00000000       0x30
 *(.ARM.attributes)
 .ARM.attributes
                0x00000000       0x22 R:/STM32/IDE/STM32CubeIDE_2.1.1/STM32CubeIDE/plugins/com.st.stm32cube.ide.mcu.externaltools.gnu-tools-for-stm32.14.3.rel1.win32_1.0.100.202602081740/tools/bin/../lib/gcc/arm-none-eabi/14.3.1/thumb/v7e-m+fp/hard/crti.o
 .ARM.attributes
                0x00000022       0x34 R:/STM32/IDE/STM32CubeIDE_2.1.1/STM32CubeIDE/plugins/com.st.stm32cube.ide.mcu.externaltools.gnu-tools-for-stm32.14.3.rel1.win32_1.0.100.202602081740/tools/bin/../lib/gcc/arm-none-eabi/14.3.1/thumb/v7e-m+fp/hard/crtbegin.o
 .ARM.attributes
                0x00000056       0x34 ./Core/Src/main.o
 .ARM.attributes
                0x0000008a       0x34 ./Core/Src/stm32f4xx_hal_msp.o
 .ARM.attributes
                0x000000be       0x34 ./Core/Src/stm32f4xx_it.o
 .ARM.attributes
                0x000000f2       0x34 ./Core/Src/syscalls.o
 .ARM.attributes
                0x00000126       0x34 ./Core/Src/sysmem.o
 .ARM.attributes
                0x0000015a       0x34 ./Core/Src/system_stm32f4xx.o
 .ARM.attributes
                0x0000018e       0x21 ./Core/Startup/startup_stm32f407vgtx.o
 .ARM.attributes
                0x000001af       0x34 ./Drivers/STM32F4xx_HAL_Driver/Src/stm32f4xx_hal.o
 .ARM.attributes
                0x000001e3       0x34 ./Drivers/STM32F4xx_HAL_Driver/Src/stm32f4xx_hal_cortex.o
 .ARM.attributes
                0x00000217       0x34 ./Drivers/STM32F4xx_HAL_Driver/Src/stm32f4xx_hal_gpio.o
 .ARM.attributes
                0x0000024b       0x34 ./Drivers/STM32F4xx_HAL_Driver/Src/stm32f4xx_hal_i2c.o
 .ARM.attributes
                0x0000027f       0x34 ./Drivers/STM32F4xx_HAL_Driver/Src/stm32f4xx_hal_rcc.o
 .ARM.attributes
                0x000002b3       0x34 ./Drivers/STM32F4xx_HAL_Driver/Src/stm32f4xx_hal_uart.o
 .ARM.attributes
                0x000002e7       0x34 ./X-CUBE-AI/App/app_x-cube-ai.o
 .ARM.attributes
                0x0000031b       0x34 ./X-CUBE-AI/App/network.o
 .ARM.attributes
                0x0000034f       0x34 ./X-CUBE-AI/App/network_data.o
 .ARM.attributes
                0x00000383       0x34 ./X-CUBE-AI/App/network_data_params.o
 .ARM.attributes
                0x000003b7       0x30 ../Middlewares/ST/AI/Lib\NetworkRuntime1020_CM4_GCC.a(ai_platform.o)
 .ARM.attributes
                0x000003e7       0x30 ../Middlewares/ST/AI/Lib\NetworkRuntime1020_CM4_GCC.a(ai_platform_interface.o)
 .ARM.attributes
                0x00000417       0x30 ../Middlewares/ST/AI/Lib\NetworkRuntime1020_CM4_GCC.a(core_common.o)
 .ARM.attributes
                0x00000447       0x30 ../Middlewares/ST/AI/Lib\NetworkRuntime1020_CM4_GCC.a(layers.o)
 .ARM.attributes
                0x00000477       0x30 ../Middlewares/ST/AI/Lib\NetworkRuntime1020_CM4_GCC.a(layers_conv2d_generic_float.o)
 .ARM.attributes
                0x000004a7       0x30 ../Middlewares/ST/AI/Lib\NetworkRuntime1020_CM4_GCC.a(layers_nl_generic_float.o)
 .ARM.attributes
                0x000004d7       0x30 ../Middlewares/ST/AI/Lib\NetworkRuntime1020_CM4_GCC.a(lite_nl_softmax_if32of32.o)
 .ARM.attributes
                0x00000507       0x30 ../Middlewares/ST/AI/Lib\NetworkRuntime1020_CM4_GCC.a(lite_nl_relu_if32of32.o)
 .ARM.attributes
                0x00000537       0x30 ../Middlewares/ST/AI/Lib\NetworkRuntime1020_CM4_GCC.a(lite_dense_if32.o)
 .ARM.attributes
                0x00000567       0x30 ../Middlewares/ST/AI/Lib\NetworkRuntime1020_CM4_GCC.a(lite_nl_generic_float.o)
 .ARM.attributes
                0x00000597       0x30 ../Middlewares/ST/AI/Lib\NetworkRuntime1020_CM4_GCC.a(st_int8_fill.o)
 .ARM.attributes
                0x000005c7       0x30 ../Middlewares/ST/AI/Lib\NetworkRuntime1020_CM4_GCC.a(ai_datatypes_format.o)
 .ARM.attributes
                0x000005f7       0x30 ../Middlewares/ST/AI/Lib\NetworkRuntime1020_CM4_GCC.a(ai_datatypes_internal.o)
 .ARM.attributes
                0x00000627       0x34 R:/STM32/IDE/STM32CubeIDE_2.1.1/STM32CubeIDE/plugins/com.st.stm32cube.ide.mcu.externaltools.gnu-tools-for-stm32.14.3.rel1.win32_1.0.100.202602081740/tools/bin/../lib/gcc/arm-none-eabi/14.3.1/../../../../arm-none-eabi/lib/thumb/v7e-m+fp/hard\libc_nano.a(libc_a-mallocr.o)
 .ARM.attributes
                0x0000065b       0x34 R:/STM32/IDE/STM32CubeIDE_2.1.1/STM32CubeIDE/plugins/com.st.stm32cube.ide.mcu.externaltools.gnu-tools-for-stm32.14.3.rel1.win32_1.0.100.202602081740/tools/bin/../lib/gcc/arm-none-eabi/14.3.1/../../../../arm-none-eabi/lib/thumb/v7e-m+fp/hard\libc_nano.a(libc_a-mlock.o)
 .ARM.attributes
                0x0000068f       0x34 R:/STM32/IDE/STM32CubeIDE_2.1.1/STM32CubeIDE/plugins/com.st.stm32cube.ide.mcu.externaltools.gnu-tools-for-stm32.14.3.rel1.win32_1.0.100.202602081740/tools/bin/../lib/gcc/arm-none-eabi/14.3.1/../../../../arm-none-eabi/lib/thumb/v7e-m+fp/hard\libc_nano.a(libc_a-reallocr.o)
 .ARM.attributes
                0x000006c3       0x34 R:/STM32/IDE/STM32CubeIDE_2.1.1/STM32CubeIDE/plugins/com.st.stm32cube.ide.mcu.externaltools.gnu-tools-for-stm32.14.3.rel1.win32_1.0.100.202602081740/tools/bin/../lib/gcc/arm-none-eabi/14.3.1/../../../../arm-none-eabi/lib/thumb/v7e-m+fp/hard\libc_nano.a(libc_a-findfp.o)
 .ARM.attributes
                0x000006f7       0x34 R:/STM32/IDE/STM32CubeIDE_2.1.1/STM32CubeIDE/plugins/com.st.stm32cube.ide.mcu.externaltools.gnu-tools-for-stm32.14.3.rel1.win32_1.0.100.202602081740/tools/bin/../lib/gcc/arm-none-eabi/14.3.1/../../../../arm-none-eabi/lib/thumb/v7e-m+fp/hard\libc_nano.a(libc_a-fwalk.o)
 .ARM.attributes
                0x0000072b       0x34 R:/STM32/IDE/STM32CubeIDE_2.1.1/STM32CubeIDE/plugins/com.st.stm32cube.ide.mcu.externaltools.gnu-tools-for-stm32.14.3.rel1.win32_1.0.100.202602081740/tools/bin/../lib/gcc/arm-none-eabi/14.3.1/../../../../arm-none-eabi/lib/thumb/v7e-m+fp/hard\libc_nano.a(libc_a-printf.o)
 .ARM.attributes
                0x0000075f       0x34 R:/STM32/IDE/STM32CubeIDE_2.1.1/STM32CubeIDE/plugins/com.st.stm32cube.ide.mcu.externaltools.gnu-tools-for-stm32.14.3.rel1.win32_1.0.100.202602081740/tools/bin/../lib/gcc/arm-none-eabi/14.3.1/../../../../arm-none-eabi/lib/thumb/v7e-m+fp/hard\libc_nano.a(libc_a-puts.o)
 .ARM.attributes
                0x00000793       0x34 R:/STM32/IDE/STM32CubeIDE_2.1.1/STM32CubeIDE/plugins/com.st.stm32cube.ide.mcu.externaltools.gnu-tools-for-stm32.14.3.rel1.win32_1.0.100.202602081740/tools/bin/../lib/gcc/arm-none-eabi/14.3.1/../../../../arm-none-eabi/lib/thumb/v7e-m+fp/hard\libc_nano.a(libc_a-sprintf.o)
 .ARM.attributes
                0x000007c7       0x34 R:/STM32/IDE/STM32CubeIDE_2.1.1/STM32CubeIDE/plugins/com.st.stm32cube.ide.mcu.externaltools.gnu-tools-for-stm32.14.3.rel1.win32_1.0.100.202602081740/tools/bin/../lib/gcc/arm-none-eabi/14.3.1/../../../../arm-none-eabi/lib/thumb/v7e-m+fp/hard\libc_nano.a(libc_a-stdio.o)
 .ARM.attributes
                0x000007fb       0x34 R:/STM32/IDE/STM32CubeIDE_2.1.1/STM32CubeIDE/plugins/com.st.stm32cube.ide.mcu.externaltools.gnu-tools-for-stm32.14.3.rel1.win32_1.0.100.202602081740/tools/bin/../lib/gcc/arm-none-eabi/14.3.1/../../../../arm-none-eabi/lib/thumb/v7e-m+fp/hard\libc_nano.a(libc_a-wbuf.o)
 .ARM.attributes
                0x0000082f       0x34 R:/STM32/IDE/STM32CubeIDE_2.1.1/STM32CubeIDE/plugins/com.st.stm32cube.ide.mcu.externaltools.gnu-tools-for-stm32.14.3.rel1.win32_1.0.100.202602081740/tools/bin/../lib/gcc/arm-none-eabi/14.3.1/../../../../arm-none-eabi/lib/thumb/v7e-m+fp/hard\libc_nano.a(libc_a-wsetup.o)
 .ARM.attributes
                0x00000863       0x34 R:/STM32/IDE/STM32CubeIDE_2.1.1/STM32CubeIDE/plugins/com.st.stm32cube.ide.mcu.externaltools.gnu-tools-for-stm32.14.3.rel1.win32_1.0.100.202602081740/tools/bin/../lib/gcc/arm-none-eabi/14.3.1/../../../../arm-none-eabi/lib/thumb/v7e-m+fp/hard\libc_nano.a(libc_a-memset.o)
 .ARM.attributes
                0x00000897       0x34 R:/STM32/IDE/STM32CubeIDE_2.1.1/STM32CubeIDE/plugins/com.st.stm32cube.ide.mcu.externaltools.gnu-tools-for-stm32.14.3.rel1.win32_1.0.100.202602081740/tools/bin/../lib/gcc/arm-none-eabi/14.3.1/../../../../arm-none-eabi/lib/thumb/v7e-m+fp/hard\libc_nano.a(libc_a-closer.o)
 .ARM.attributes
                0x000008cb       0x34 R:/STM32/IDE/STM32CubeIDE_2.1.1/STM32CubeIDE/plugins/com.st.stm32cube.ide.mcu.externaltools.gnu-tools-for-stm32.14.3.rel1.win32_1.0.100.202602081740/tools/bin/../lib/gcc/arm-none-eabi/14.3.1/../../../../arm-none-eabi/lib/thumb/v7e-m+fp/hard\libc_nano.a(libc_a-reent.o)
 .ARM.attributes
                0x000008ff       0x34 R:/STM32/IDE/STM32CubeIDE_2.1.1/STM32CubeIDE/plugins/com.st.stm32cube.ide.mcu.externaltools.gnu-tools-for-stm32.14.3.rel1.win32_1.0.100.202602081740/tools/bin/../lib/gcc/arm-none-eabi/14.3.1/../../../../arm-none-eabi/lib/thumb/v7e-m+fp/hard\libc_nano.a(libc_a-impure.o)
 .ARM.attributes